Component: ARM Compiler 5.05 update 1 (build 106) Tool: armlink [4d0efa]

==============================================================================

Section Cross References

    startup_stm32f103xb.o(RESET) refers to startup_stm32f103xb.o(STACK) for __initial_sp
    startup_stm32f103xb.o(RESET) refers to startup_stm32f103xb.o(.text) for Reset_Handler
    startup_stm32f103xb.o(RESET) refers to stm32f1xx_it.o(i.NMI_Handler) for NMI_Handler
    startup_stm32f103xb.o(RESET) refers to stm32f1xx_it.o(i.HardFault_Handler) for HardFault_Handler
    startup_stm32f103xb.o(RESET) refers to stm32f1xx_it.o(i.MemManage_Handler) for MemManage_Handler
    startup_stm32f103xb.o(RESET) refers to stm32f1xx_it.o(i.BusFault_Handler) for BusFault_Handler
    startup_stm32f103xb.o(RESET) refers to stm32f1xx_it.o(i.UsageFault_Handler) for UsageFault_Handler
    startup_stm32f103xb.o(RESET) refers to stm32f1xx_it.o(i.SVC_Handler) for SVC_Handler
    startup_stm32f103xb.o(RESET) refers to stm32f1xx_it.o(i.DebugMon_Handler) for DebugMon_Handler
    startup_stm32f103xb.o(RESET) refers to stm32f1xx_it.o(i.PendSV_Handler) for PendSV_Handler
    startup_stm32f103xb.o(RESET) refers to stm32f1xx_it.o(i.SysTick_Handler) for SysTick_Handler
    startup_stm32f103xb.o(RESET) refers to stm32f1xx_it.o(i.EXTI4_IRQHandler) for EXTI4_IRQHandler
    startup_stm32f103xb.o(RESET) refers to stm32f1xx_it.o(i.TIM1_UP_IRQHandler) for TIM1_UP_IRQHandler
    startup_stm32f103xb.o(RESET) refers to stm32f1xx_it.o(i.TIM2_IRQHandler) for TIM2_IRQHandler
    startup_stm32f103xb.o(RESET) refers to stm32f1xx_it.o(i.TIM4_IRQHandler) for TIM4_IRQHandler
    startup_stm32f103xb.o(RESET) refers to stm32f1xx_it.o(i.USART1_IRQHandler) for USART1_IRQHandler
    startup_stm32f103xb.o(RESET) refers to stm32f1xx_it.o(i.USART2_IRQHandler) for USART2_IRQHandler
    startup_stm32f103xb.o(RESET) refers to stm32f1xx_it.o(i.USART3_IRQHandler) for USART3_IRQHandler
    startup_stm32f103xb.o(RESET) refers to stm32f1xx_it.o(i.EXTI15_10_IRQHandler) for EXTI15_10_IRQHandler
    startup_stm32f103xb.o(.text) refers to system_stm32f1xx.o(i.SystemInit) for SystemInit
    startup_stm32f103xb.o(.text) refers to entry.o(.ARM.Collect$$$$00000000) for __main
    main.o(i.MPU6050_straight) refers to f2d.o(.text) for __aeabi_f2d
    main.o(i.MPU6050_straight) refers to printfa.o(i.__0sprintf) for __2sprintf
    main.o(i.MPU6050_straight) refers to strlen.o(.text) for strlen
    main.o(i.MPU6050_straight) refers to stm32f1xx_hal_uart.o(i.HAL_UART_Transmit) for HAL_UART_Transmit
    main.o(i.MPU6050_straight) refers to inv_mpu.o(i.mpu_dmp_get_data) for mpu_dmp_get_data
    main.o(i.MPU6050_straight) refers to pid.o(i.PID_realize_angle) for PID_realize_angle
    main.o(i.MPU6050_straight) refers to fadd.o(.text) for __aeabi_fadd
    main.o(i.MPU6050_straight) refers to motor.o(i.motorPidSetSpeed) for motorPidSetSpeed
    main.o(i.MPU6050_straight) refers to main.o(.data) for .data
    main.o(i.MPU6050_straight) refers to main.o(.bss) for .bss
    main.o(i.MPU6050_straight) refers to usart.o(.bss) for huart3
    main.o(i.MPU6050_straight) refers to pid.o(.bss) for pidMPU6050YawMovement
    main.o(i.MPU6050_turn) refers to fflti.o(.text) for __aeabi_i2f
    main.o(i.MPU6050_turn) refers to fadd.o(.text) for __aeabi_fadd
    main.o(i.MPU6050_turn) refers to main.o(i.MPU6050_straight) for MPU6050_straight
    main.o(i.MPU6050_turn) refers to f2d.o(.text) for __aeabi_f2d
    main.o(i.MPU6050_turn) refers to printfa.o(i.__0sprintf) for __2sprintf
    main.o(i.MPU6050_turn) refers to oled.o(i.OLED_ShowString) for OLED_ShowString
    main.o(i.MPU6050_turn) refers to main.o(.data) for .data
    main.o(i.MPU6050_turn) refers to pid.o(.bss) for pidMPU6050YawMovement
    main.o(i.MPU6050_turn) refers to main.o(.bss) for .bss
    main.o(i.SystemClock_Config) refers to memseta.o(.text) for __aeabi_memclr4
    main.o(i.SystemClock_Config) refers to stm32f1xx_hal_rcc.o(i.HAL_RCC_OscConfig) for HAL_RCC_OscConfig
    main.o(i.SystemClock_Config) refers to stm32f1xx_hal_rcc.o(i.HAL_RCC_ClockConfig) for HAL_RCC_ClockConfig
    main.o(i.SystemClock_Config) refers to stm32f1xx_hal_rcc_ex.o(i.HAL_RCCEx_PeriphCLKConfig) for HAL_RCCEx_PeriphCLKConfig
    main.o(i.main) refers to stm32f1xx_hal.o(i.HAL_Init) for HAL_Init
    main.o(i.main) refers to main.o(i.SystemClock_Config) for SystemClock_Config
    main.o(i.main) refers to gpio.o(i.MX_GPIO_Init) for MX_GPIO_Init
    main.o(i.main) refers to usart.o(i.MX_USART1_UART_Init) for MX_USART1_UART_Init
    main.o(i.main) refers to tim.o(i.MX_TIM1_Init) for MX_TIM1_Init
    main.o(i.main) refers to tim.o(i.MX_TIM2_Init) for MX_TIM2_Init
    main.o(i.main) refers to tim.o(i.MX_TIM4_Init) for MX_TIM4_Init
    main.o(i.main) refers to adc.o(i.MX_ADC2_Init) for MX_ADC2_Init
    main.o(i.main) refers to usart.o(i.MX_USART3_UART_Init) for MX_USART3_UART_Init
    main.o(i.main) refers to usart.o(i.MX_USART2_UART_Init) for MX_USART2_UART_Init
[...]
    i.dmp_set_tap_count                      0x08005a48   Section        0  inv_mpu_dmp_motion_driver.o(i.dmp_set_tap_count)
    i.dmp_set_tap_thresh                     0x08005a6c   Section        0  inv_mpu_dmp_motion_driver.o(i.dmp_set_tap_thresh)
    i.dmp_set_tap_time                       0x08005b94   Section        0  inv_mpu_dmp_motion_driver.o(i.dmp_set_tap_time)
    i.dmp_set_tap_time_multi                 0x08005bb4   Section        0  inv_mpu_dmp_motion_driver.o(i.dmp_set_tap_time_multi)
    i.fputc                                  0x08005bd4   Section        0  usart.o(i.fputc)
    i.get_accel_prod_shift                   0x08005bec   Section        0  inv_mpu.o(i.get_accel_prod_shift)
    get_accel_prod_shift                     0x08005bed   Thumb Code   156  inv_mpu.o(i.get_accel_prod_shift)
    i.get_st_biases                          0x08005c94   Section        0  inv_mpu.o(i.get_st_biases)
    get_st_biases                            0x08005c95   Thumb Code   784  inv_mpu.o(i.get_st_biases)
    i.gyro_self_test                         0x08005fa8   Section        0  inv_mpu.o(i.gyro_self_test)
    gyro_self_test                           0x08005fa9   Thumb Code   194  inv_mpu.o(i.gyro_self_test)
    i.inv_orientation_matrix_to_scalar       0x08006080   Section        0  inv_mpu.o(i.inv_orientation_matrix_to_scalar)
    i.inv_row_2_scale                        0x080060a2   Section        0  inv_mpu.o(i.inv_row_2_scale)
    i.main                                   0x080060ec   Section        0  main.o(i.main)
    i.mget_ms                                0x08006606   Section        0  inv_mpu.o(i.mget_ms)
    i.motorPidSetSpeed                       0x08006608   Section        0  motor.o(i.motorPidSetSpeed)
    i.motorPidSpeedCut                       0x08006650   Section        0  motor.o(i.motorPidSpeedCut)
    i.motorPidSpeedUp                        0x08006674   Section        0  motor.o(i.motorPidSpeedUp)
    i.mpu_configure_fifo                     0x0800669c   Section        0  inv_mpu.o(i.mpu_configure_fifo)
    i.mpu_dmp_get_data                       0x080066f4   Section        0  inv_mpu.o(i.mpu_dmp_get_data)
    i.mpu_dmp_init                           0x0800689c   Section        0  inv_mpu.o(i.mpu_dmp_init)
    i.mpu_get_accel_fsr                      0x08006940   Section        0  inv_mpu.o(i.mpu_get_accel_fsr)
    i.mpu_get_accel_sens                     0x0800697c   Section        0  inv_mpu.o(i.mpu_get_accel_sens)
    i.mpu_get_gyro_fsr                       0x080069c0   Section        0  inv_mpu.o(i.mpu_get_gyro_fsr)
    i.mpu_get_gyro_sens                      0x080069f4   Section        0  inv_mpu.o(i.mpu_get_gyro_sens)
    i.mpu_get_lpf                            0x08006a34   Section        0  inv_mpu.o(i.mpu_get_lpf)
    i.mpu_get_sample_rate                    0x08006a6c   Section        0  inv_mpu.o(i.mpu_get_sample_rate)
    i.mpu_init                               0x08006a88   Section        0  inv_mpu.o(i.mpu_init)
    i.mpu_load_firmware                      0x08006c10   Section        0  inv_mpu.o(i.mpu_load_firmware)
    i.mpu_lp_accel_mode                      0x08006cb4   Section        0  inv_mpu.o(i.mpu_lp_accel_mode)
    i.mpu_read_fifo_stream                   0x08006d6c   Section        0  inv_mpu.o(i.mpu_read_fifo_stream)
    i.mpu_read_mem                           0x08006dfc   Section        0  inv_mpu.o(i.mpu_read_mem)
    i.mpu_reset_fifo                         0x08006e50   Section        0  inv_mpu.o(i.mpu_reset_fifo)
    i.mpu_run_self_test                      0x08006fac   Section        0  inv_mpu.o(i.mpu_run_self_test)
    i.mpu_set_accel_fsr                      0x0800709c   Section        0  inv_mpu.o(i.mpu_set_accel_fsr)
    i.mpu_set_bypass                         0x08007104   Section        0  inv_mpu.o(i.mpu_set_bypass)
    i.mpu_set_dmp_state                      0x080071e0   Section        0  inv_mpu.o(i.mpu_set_dmp_state)
    i.mpu_set_gyro_fsr                       0x08007258   Section        0  inv_mpu.o(i.mpu_set_gyro_fsr)
    i.mpu_set_int_latched                    0x080072c4   Section        0  inv_mpu.o(i.mpu_set_int_latched)
    i.mpu_set_lpf                            0x08007328   Section        0  inv_mpu.o(i.mpu_set_lpf)
    i.mpu_set_sample_rate                    0x08007394   Section        0  inv_mpu.o(i.mpu_set_sample_rate)
    i.mpu_set_sensors                        0x0800740c   Section        0  inv_mpu.o(i.mpu_set_sensors)
    i.mpu_write_mem                          0x080074c4   Section        0  inv_mpu.o(i.mpu_write_mem)
    i.mpuiic_Delayus                         0x08007518   Section        0  mpuiic.o(i.mpuiic_Delayus)
    i.run_self_test                          0x0800753c   Section        0  inv_mpu.o(i.run_self_test)
    i.set_int_enable                         0x080075bc   Section        0  inv_mpu.o(i.set_int_enable)
    set_int_enable                           0x080075bd   Thumb Code    80  inv_mpu.o(i.set_int_enable)
    i.sqrt                                   0x08007610   Section        0  sqrt.o(i.sqrt)
    .constdata                               0x0800765c   Section       16  system_stm32f1xx.o(.constdata)
    .constdata                               0x0800766c   Section        8  system_stm32f1xx.o(.constdata)
    .constdata                               0x08007674   Section     2072  oled.o(.constdata)
    .constdata                               0x08007e8c   Section     3062  inv_mpu_dmp_motion_driver.o(.constdata)
    dmp_memory                               0x08007e8c   Data        3062  inv_mpu_dmp_motion_driver.o(.constdata)
    .constdata                               0x08008a82   Section       27  inv_mpu.o(.constdata)
    .constdata                               0x08008a9e   Section       12  inv_mpu.o(.constdata)
    .constdata                               0x08008aac   Section       40  inv_mpu.o(.constdata)
    .constdata                               0x08008ad8   Section       80  asin.o(.constdata)
    pS                                       0x08008ad8   Data          48  asin.o(.constdata)
    qS                                       0x08008b08   Data          32  asin.o(.constdata)
    .constdata                               0x08008b28   Section      152  atan.o(.constdata)
    atanhi                                   0x08008b28   Data          32  atan.o(.constdata)
    atanlo                                   0x08008b48   Data          32  atan.o(.constdata)
    aTodd                                    0x08008b68   Data          40  atan.o(.constdata)
    aTeven                                   0x08008b90   Data          48  atan.o(.constdata)
    .constdata                               0x08008bc0   Section        8  qnan.o(.constdata)
    .conststring                             0x08008bc8   Section       77  inv_mpu.o(.conststring)
    .data                                    0x20000000   Section       48  main.o(.data)
    .data                                    0x20000030   Section       24  stm32f1xx_it.o(.data)
    .data                                    0x20000048   Section       12  stm32f1xx_hal.o(.data)
    .data                                    0x20000054   Section        4  system_stm32f1xx.o(.data)
    .data                                    0x20000058   Section        4  motor.o(.data)
    .data                                    0x2000005c   Section       53  inv_mpu.o(.data)
    st                                       0x2000005c   Data          44  inv_mpu.o(.data)
    gyro_orientation                         0x20000088   Data           9  inv_mpu.o(.data)
    .data                                    0x20000094   Section        4  stdout.o(.data)
    .data                                    0x20000098   Section        4  errno.o(.data)
    _errno                                   0x20000098   Data           4  errno.o(.data)
    .bss                                     0x2000009c   Section      100  main.o(.bss)
    .bss                                     0x20000100   Section       48  adc.o(.bss)
    .bss                                     0x20000130   Section      216  tim.o(.bss)
    .bss                                     0x20000208   Section      204  usart.o(.bss)
    .bss                                     0x200002d4   Section      160  pid.o(.bss)
    .bss                                     0x20000374   Section       16  inv_mpu_dmp_motion_driver.o(.bss)
    dmp                                      0x20000374   Data          16  inv_mpu_dmp_motion_driver.o(.bss)
    STACK                                    0x20000388   Section     2048  startup_stm32f103xb.o(STACK)

    Global Symbols

    Symbol Name                              Value     Ov Type        Size  Object(Section)

    BuildAttributes$$THM_ISAv4$P$D$K$B$S$PE$A:L22UL41UL21$X:L11$S22US41US21$IEEE1$IW$USESV6$~STKCKD$USESV7$~SHL$OTIME$ROPI$IEEEX$EBA8$MICROLIB$REQ8$PRES8$EABIv2 0x00000000   Number         0  anon$$obj.o ABSOLUTE
    __ARM_use_no_argv                        0x00000000   Number         0  main.o ABSOLUTE
    _printf_a                                0x00000000   Number         0  stubs.o ABSOLUTE
    _printf_c                                0x00000000   Number         0  stubs.o ABSOLUTE
    _printf_charcount                        0x00000000   Number         0  stubs.o ABSOLUTE
    _printf_d                                0x00000000   Number         0  stubs.o ABSOLUTE
    _printf_e                                0x00000000   Number         0  stubs.o ABSOLUTE
    _printf_f                                0x00000000   Number         0  stubs.o ABSOLUTE
    _printf_flags                            0x00000000   Number         0  stubs.o ABSOLUTE
    _printf_fp_dec                           0x00000000   Number         0  stubs.o ABSOLUTE
    _printf_fp_hex                           0x00000000   Number         0  stubs.o ABSOLUTE
    _printf_g                                0x00000000   Number         0  stubs.o ABSOLUTE
    _printf_i                                0x00000000   Number         0  stubs.o ABSOLUTE
    _printf_int_dec                          0x00000000   Number         0  stubs.o ABSOLUTE
    _printf_l                                0x00000000   Number         0  stubs.o ABSOLUTE
    _printf_lc                               0x00000000   Number         0  stubs.o ABSOLUTE
    _printf_ll                               0x00000000   Number         0  stubs.o ABSOLUTE
    _printf_lld                              0x00000000   Number         0  stubs.o ABSOLUTE
    _printf_lli                              0x00000000   Number         0  stubs.o ABSOLUTE
    _printf_llo                              0x00000000   Number         0  stubs.o ABSOLUTE
    _printf_llu                              0x00000000   Number         0  stubs.o ABSOLUTE
    _printf_llx                              0x00000000   Number         0  stubs.o ABSOLUTE
    _printf_longlong_dec                     0x00000000   Number         0  stubs.o ABSOLUTE
    _printf_longlong_hex                     0x00000000   Number         0  stubs.o ABSOLUTE
    _printf_longlong_oct                     0x00000000   Number         0  stubs.o ABSOLUTE
    _printf_ls                               0x00000000   Number         0  stubs.o ABSOLUTE
    _printf_mbtowc                           0x00000000   Number         0  stubs.o ABSOLUTE
    _printf_n                                0x00000000   Number         0  stubs.o ABSOLUTE
    _printf_o                                0x00000000   Number         0  stubs.o ABSOLUTE
    _printf_p                                0x00000000   Number         0  stubs.o ABSOLUTE
    _printf_percent                          0x00000000   Number         0  stubs.o ABSOLUTE
    _printf_pre_padding                      0x00000000   Number         0  stubs.o ABSOLUTE
    _printf_return_value                     0x00000000   Number         0  stubs.o ABSOLUTE
    _printf_s                                0x00000000   Number         0  stubs.o ABSOLUTE
    _printf_sizespec                         0x00000000   Number         0  stubs.o ABSOLUTE
    _printf_str                              0x00000000   Number         0  stubs.o ABSOLUTE
    _printf_truncate_signed                  0x00000000   Number         0  stubs.o ABSOLUTE
    _printf_truncate_unsigned                0x00000000   Number         0  stubs.o ABSOLUTE
    _printf_u                                0x00000000   Number         0  stubs.o ABSOLUTE
    _printf_wc                               0x00000000   Number         0  stubs.o ABSOLUTE
    _printf_wctomb                           0x00000000   Number         0  stubs.o ABSOLUTE
    _printf_widthprec                        0x00000000   Number         0  stubs.o ABSOLUTE
    _printf_x                                0x00000000   Number         0  stubs.o ABSOLUTE
    __cpp_initialize__aeabi_                  - Undefined Weak Reference
    __cxa_finalize                            - Undefined Weak Reference
    __decompress                              - Undefined Weak Reference
    _clock_init                               - Undefined Weak Reference
    _microlib_exit                            - Undefined Weak Reference
    _scanf_int                                - Undefined Weak Reference
    _scanf_longlong                           - Undefined Weak Reference
    _scanf_string                             - Undefined Weak Reference
    __Vectors_Size                           0x000000ec   Number         0  startup_stm32f103xb.o ABSOLUTE
    __Vectors                                0x08000000   Data           4  startup_stm32f103xb.o(RESET)
    __Vectors_End                            0x080000ec   Data           0  startup_stm32f103xb.o(RESET)
    __main                                   0x080000ed   Thumb Code     0  entry.o(.ARM.Collect$$$$00000000)
    _main_stk                                0x080000ed   Thumb Code     0  entry2.o(.ARM.Collect$$$$00000001)
    _main_scatterload                        0x080000f1   Thumb Code     0  entry5.o(.ARM.Collect$$$$00000004)
    __main_after_scatterload                 0x080000f5   Thumb Code     0  entry5.o(.ARM.Collect$$$$00000004)
    _main_clock                              0x080000f5   Thumb Code     0  entry7b.o(.ARM.Collect$$$$00000008)
    _main_cpp_init                           0x080000f5   Thumb Code     0  entry8b.o(.ARM.Collect$$$$0000000A)
    _main_init                               0x080000f5   Thumb Code     0  entry9a.o(.ARM.Collect$$$$0000000B)
    __rt_final_cpp                           0x080000fd   Thumb Code     0  entry10a.o(.ARM.Collect$$$$0000000D)
    __rt_final_exit                          0x080000fd   Thumb Code     0  entry11a.o(.ARM.Collect$$$$0000000F)
    Reset_Handler                            0x08000101   Thumb Code     8  startup_stm32f103xb.o(.text)
    ADC1_2_IRQHandler                        0x0800011b   Thumb Code     0  startup_stm32f103xb.o(.text)
    CAN1_RX1_IRQHandler                      0x0800011b   Thumb Code     0  startup_stm32f103xb.o(.text)
    CAN1_SCE_IRQHandler                      0x0800011b   Thumb Code     0  startup_stm32f103xb.o(.text)
    DMA1_Channel1_IRQHandler                 0x0800011b   Thumb Code     0  startup_stm32f103xb.o(.text)
    DMA1_Channel2_IRQHandler                 0x0800011b   Thumb Code     0  startup_stm32f103xb.o(.text)
    DMA1_Channel3_IRQHandler                 0x0800011b   Thumb Code     0  startup_stm32f103xb.o(.text)
    DMA1_Channel4_IRQHandler                 0x0800011b   Thumb Code     0  startup_stm32f103xb.o(.text)
    DMA1_Channel5_IRQHandler                 0x0800011b   Thumb Code     0  startup_stm32f103xb.o(.text)
    DMA1_Channel6_IRQHandler                 0x0800011b   Thumb Code     0  startup_stm32f103xb.o(.text)
    DMA1_Channel7_IRQHandler                 0x0800011b   Thumb Code     0  startup_stm32f103xb.o(.text)
    EXTI0_IRQHandler                         0x0800011b   Thumb Code     0  startup_stm32f103xb.o(.text)
    EXTI1_IRQHandler                         0x0800011b   Thumb Code     0  startup_stm32f103xb.o(.text)
    EXTI2_IRQHandler                         0x0800011b   Thumb Code     0  startup_stm32f103xb.o(.text)
    EXTI3_IRQHandler                         0x0800011b   Thumb Code     0  startup_stm32f103xb.o(.text)
    EXTI9_5_IRQHandler                       0x0800011b   Thumb Code     0  startup_stm32f103xb.o(.text)
    FLASH_IRQHandler                         0x0800011b   Thumb Code     0  startup_stm32f103xb.o(.text)
    I2C1_ER_IRQHandler                       0x0800011b   Thumb Code     0  startup_stm32f103xb.o(.text)
    I2C1_EV_IRQHandler                       0x0800011b   Thumb Code     0  startup_stm32f103xb.o(.text)
    I2C2_ER_IRQHandler                       0x0800011b   Thumb Code     0  startup_stm32f103xb.o(.text)
    I2C2_EV_IRQHandler                       0x0800011b   Thumb Code     0  startup_stm32f103xb.o(.text)
    PVD_IRQHandler                           0x0800011b   Thumb Code     0  startup_stm32f103xb.o(.text)
    RCC_IRQHandler                           0x0800011b   Thumb Code     0  startup_stm32f103xb.o(.text)
    RTC_Alarm_IRQHandler                     0x0800011b   Thumb Code     0  startup_stm32f103xb.o(.text)
    RTC_IRQHandler                           0x0800011b   Thumb Code     0  startup_stm32f103xb.o(.text)
    SPI1_IRQHandler                          0x0800011b   Thumb Code     0  startup_stm32f103xb.o(.text)
    SPI2_IRQHandler                          0x0800011b   Thumb Code     0  startup_stm32f103xb.o(.text)
    TAMPER_IRQHandler                        0x0800011b   Thumb Code     0  startup_stm32f103xb.o(.text)
    TIM1_BRK_IRQHandler                      0x0800011b   Thumb Code     0  startup_stm32f103xb.o(.text)
    TIM1_CC_IRQHandler                       0x0800011b   Thumb Code     0  startup_stm32f103xb.o(.text)
    TIM1_TRG_COM_IRQHandler                  0x0800011b   Thumb Code     0  startup_stm32f103xb.o(.text)
    TIM3_IRQHandler                          0x0800011b   Thumb Code     0  startup_stm32f103xb.o(.text)
    USBWakeUp_IRQHandler                     0x0800011b   Thumb Code     0  startup_stm32f103xb.o(.text)
    USB_HP_CAN1_TX_IRQHandler                0x0800011b   Thumb Code     0  startup_stm32f103xb.o(.text)
    USB_LP_CAN1_RX0_IRQHandler               0x0800011b   Thumb Code     0  startup_stm32f103xb.o(.text)
    WWDG_IRQHandler                          0x0800011b   Thumb Code     0  startup_stm32f103xb.o(.text)
    __aeabi_ldivmod                          0x08000125   Thumb Code    98  ldiv.o(.text)
    __aeabi_llsr                             0x08000187   Thumb Code    32  llushr.o(.text)
    _ll_ushift_r                             0x08000187   Thumb Code     0  llushr.o(.text)
    __aeabi_memset                           0x080001a7   Thumb Code    14  memseta.o(.text)
    __aeabi_memset4                          0x080001a7   Thumb Code     0  memseta.o(.text)
    __aeabi_memset8                          0x080001a7   Thumb Code     0  memseta.o(.text)
    __aeabi_memclr                           0x080001b5   Thumb Code     4  memseta.o(.text)
    __aeabi_memclr4                          0x080001b5   Thumb Code     0  memseta.o(.text)
    __aeabi_memclr8                          0x080001b5   Thumb Code     0  memseta.o(.text)
    _memset$wrapper                          0x080001b9   Thumb Code    18  memseta.o(.text)
    strlen                                   0x080001cb   Thumb Code    14  strlen.o(.text)
    memcmp                                   0x080001d9   Thumb Code    26  memcmp.o(.text)
    __aeabi_fadd                             0x080001f3   Thumb Code   164  fadd.o(.text)
    __aeabi_fsub                             0x08000297   Thumb Code     6  fadd.o(.text)
    __aeabi_frsub                            0x0800029d   Thumb Code     6  fadd.o(.text)
    __aeabi_fmul                             0x080002a3   Thumb Code   100  fmul.o(.text)
    __aeabi_fdiv                             0x08000307   Thumb Code   124  fdiv.o(.text)
    __ARM_scalbnf                            0x08000383   Thumb Code    24  fscalb.o(.text)
    scalbnf                                  0x08000383   Thumb Code     0  fscalb.o(.text)
    __aeabi_dadd                             0x0800039b   Thumb Code   322  dadd.o(.text)
    __aeabi_dsub                             0x080004dd   Thumb Code     6  dadd.o(.text)
    __aeabi_drsub                            0x080004e3   Thumb Code     6  dadd.o(.text)
    __aeabi_dmul                             0x080004e9   Thumb Code   228  dmul.o(.text)
    __aeabi_ddiv                             0x080005cd   Thumb Code   222  ddiv.o(.text)
    __ARM_scalbn                             0x080006ab   Thumb Code    46  dscalb.o(.text)
    scalbn                                   0x080006ab   Thumb Code     0  dscalb.o(.text)
    __aeabi_i2f                              0x080006d9   Thumb Code    18  fflti.o(.text)
    __aeabi_ui2f                             0x080006eb   Thumb Code    10  ffltui.o(.text)
    __aeabi_ui2d                             0x080006f5   Thumb Code    26  dfltui.o(.text)
    __aeabi_f2iz                             0x0800070f   Thumb Code    50  ffixi.o(.text)
    __aeabi_f2uiz                            0x08000741   Thumb Code    40  ffixui.o(.text)
    __aeabi_f2d                              0x08000769   Thumb Code    38  f2d.o(.text)
    __aeabi_cdrcmple                         0x08000791   Thumb Code    48  cdrcmple.o(.text)
    __aeabi_d2f                              0x080007c1   Thumb Code    56  d2f.o(.text)
    __aeabi_cfcmpeq                          0x080007f9   Thumb Code     0  cfcmple.o(.text)
    __aeabi_cfcmple                          0x080007f9   Thumb Code    20  cfcmple.o(.text)
    __aeabi_cfrcmple                         0x0800080d   Thumb Code    20  cfrcmple.o(.text)
    __aeabi_uidiv                            0x08000821   Thumb Code     0  uidiv.o(.text)
    __aeabi_uidivmod                         0x08000821   Thumb Code    44  uidiv.o(.text)
    __aeabi_uldivmod                         0x0800084d   Thumb Code    98  uldiv.o(.text)
    __aeabi_llsl                             0x080008af   Thumb Code    30  llshl.o(.text)
    _ll_shift_l                              0x080008af   Thumb Code     0  llshl.o(.text)
    __aeabi_lasr                             0x080008cd   Thumb Code    36  llsshr.o(.text)
    _ll_sshift_r                             0x080008cd   Thumb Code     0  llsshr.o(.text)
    __I$use$fp                               0x080008f1   Thumb Code     0  iusefp.o(.text)
    _float_round                             0x080008f1   Thumb Code    18  fepilogue.o(.text)
    _float_epilogue                          0x08000903   Thumb Code    92  fepilogue.o(.text)
    _double_round                            0x0800095f   Thumb Code    30  depilogue.o(.text)
    _double_epilogue                         0x0800097d   Thumb Code   156  depilogue.o(.text)
    __aeabi_d2ulz                            0x08000a19   Thumb Code    48  dfixul.o(.text)
    __scatterload                            0x08000a49   Thumb Code    28  init.o(.text)
    __scatterload_rt2                        0x08000a49   Thumb Code     0  init.o(.text)
    _dsqrt                                   0x08000a6d   Thumb Code   162  dsqrt.o(.text)
    ADC_ConversionStop_Disable               0x08000b0f   Thumb Code    84  stm32f1xx_hal_adc.o(i.ADC_ConversionStop_Disable)
    ADC_Enable                               0x08000b65   Thumb Code   112  stm32f1xx_hal_adc.o(i.ADC_Enable)
    BusFault_Handler                         0x08000bdd   Thumb Code     2  stm32f1xx_it.o(i.BusFault_Handler)
    DebugMon_Handler                         0x08000bdf   Thumb Code     2  stm32f1xx_it.o(i.DebugMon_Handler)
    EXTI15_10_IRQHandler                     0x08000be1   Thumb Code     8  stm32f1xx_it.o(i.EXTI15_10_IRQHandler)
    EXTI4_IRQHandler                         0x08000be9   Thumb Code     6  stm32f1xx_it.o(i.EXTI4_IRQHandler)
    Error_Handler                            0x08000bef   Thumb Code     4  main.o(i.Error_Handler)
    HAL_ADC_ConfigChannel                    0x08000bf5   Thumb Code   240  stm32f1xx_hal_adc.o(i.HAL_ADC_ConfigChannel)
    HAL_ADC_GetValue                         0x08000cf1   Thumb Code     6  stm32f1xx_hal_adc.o(i.HAL_ADC_GetValue)
    HAL_ADC_Init                             0x08000cf9   Thumb Code   272  stm32f1xx_hal_adc.o(i.HAL_ADC_Init)
    HAL_ADC_MspInit                          0x08000e15   Thumb Code    76  adc.o(i.HAL_ADC_MspInit)
    HAL_ADC_PollForConversion                0x08000e6d   Thumb Code   304  stm32f1xx_hal_adc.o(i.HAL_ADC_PollForConversion)
    HAL_ADC_Start                            0x08000fa9   Thumb Code   184  stm32f1xx_hal_adc.o(i.HAL_ADC_Start)
    HAL_DMA_Abort                            0x08001069   Thumb Code    70  stm32f1xx_hal_dma.o(i.HAL_DMA_Abort)
    HAL_DMA_Abort_IT                         0x080010b1   Thumb Code   148  stm32f1xx_hal_dma.o(i.HAL_DMA_Abort_IT)
    HAL_Delay                                0x08001149   Thumb Code    32  stm32f1xx_hal.o(i.HAL_Delay)
    HAL_GPIO_EXTI_Callback                   0x0800116d   Thumb Code    92  gpio.o(i.HAL_GPIO_EXTI_Callback)
    HAL_GPIO_EXTI_IRQHandler                 0x080011d9   Thumb Code    18  stm32f1xx_hal_gpio.o(i.HAL_GPIO_EXTI_IRQHandler)
    HAL_GPIO_Init                            0x080011f1   Thumb Code   426  stm32f1xx_hal_gpio.o(i.HAL_GPIO_Init)
    HAL_GPIO_ReadPin                         0x080013bd   Thumb Code    10  stm32f1xx_hal_gpio.o(i.HAL_GPIO_ReadPin)
    HAL_GPIO_TogglePin                       0x080013c7   Thumb Code    16  stm32f1xx_hal_gpio.o(i.HAL_GPIO_TogglePin)
    HAL_GPIO_WritePin                        0x080013d7   Thumb Code    10  stm32f1xx_hal_gpio.o(i.HAL_GPIO_WritePin)
    HAL_GetTick                              0x080013e1   Thumb Code     6  stm32f1xx_hal.o(i.HAL_GetTick)
    HAL_IncTick                              0x080013ed   Thumb Code    12  stm32f1xx_hal.o(i.HAL_IncTick)
    HAL_Init                                 0x080013fd   Thumb Code    32  stm32f1xx_hal.o(i.HAL_Init)
    HAL_InitTick                             0x08001421   Thumb Code    54  stm32f1xx_hal.o(i.HAL_InitTick)
    HAL_MspInit                              0x08001461   Thumb Code    52  stm32f1xx_hal_msp.o(i.HAL_MspInit)
    HAL_NVIC_EnableIRQ                       0x0800149d   Thumb Code    26  stm32f1xx_hal_cortex.o(i.HAL_NVIC_EnableIRQ)
    HAL_NVIC_SetPriority                     0x080014b9   Thumb Code    60  stm32f1xx_hal_cortex.o(i.HAL_NVIC_SetPriority)
    HAL_NVIC_SetPriorityGrouping             0x080014f9   Thumb Code    26  stm32f1xx_hal_cortex.o(i.HAL_NVIC_SetPriorityGrouping)
    HAL_RCCEx_GetPeriphCLKFreq               0x0800151d   Thumb Code   164  stm32f1xx_hal_rcc_ex.o(i.HAL_RCCEx_GetPeriphCLKFreq)
    HAL_RCCEx_PeriphCLKConfig                0x080015e1   Thumb Code   220  stm32f1xx_hal_rcc_ex.o(i.HAL_RCCEx_PeriphCLKConfig)
    HAL_RCC_ClockConfig                      0x080016c9   Thumb Code   292  stm32f1xx_hal_rcc.o(i.HAL_RCC_ClockConfig)
    HAL_RCC_GetPCLK1Freq                     0x08001801   Thumb Code    20  stm32f1xx_hal_rcc.o(i.HAL_RCC_GetPCLK1Freq)
    HAL_RCC_GetPCLK2Freq                     0x08001821   Thumb Code    20  stm32f1xx_hal_rcc.o(i.HAL_RCC_GetPCLK2Freq)
    HAL_RCC_GetSysClockFreq                  0x08001841   Thumb Code    74  stm32f1xx_hal_rcc.o(i.HAL_RCC_GetSysClockFreq)
    HAL_RCC_OscConfig                        0x080018ad   Thumb Code   770  stm32f1xx_hal_rcc.o(i.HAL_RCC_OscConfig)
    HAL_SYSTICK_Config                       0x08001bc5   Thumb Code    40  stm32f1xx_hal_cortex.o(i.HAL_SYSTICK_Config)
    HAL_TIMEx_BreakCallback                  0x08001bed   Thumb Code     2  stm32f1xx_hal_tim_ex.o(i.HAL_TIMEx_BreakCallback)
    HAL_TIMEx_CommutCallback                 0x08001bef   Thumb Code     2  stm32f1xx_hal_tim_ex.o(i.HAL_TIMEx_CommutCallback)
    HAL_TIMEx_ConfigBreakDeadTime            0x08001bf1   Thumb Code    84  stm32f1xx_hal_tim_ex.o(i.HAL_TIMEx_ConfigBreakDeadTime)
    HAL_TIMEx_MasterConfigSynchronization    0x08001c45   Thumb Code    92  stm32f1xx_hal_tim_ex.o(i.HAL_TIMEx_MasterConfigSynchronization)
    HAL_TIM_Base_Init                        0x08001cad   Thumb Code    90  stm32f1xx_hal_tim.o(i.HAL_TIM_Base_Init)
    HAL_TIM_Base_MspInit                     0x08001d09   Thumb Code    50  tim.o(i.HAL_TIM_Base_MspInit)
    HAL_TIM_Base_Start_IT                    0x08001d45   Thumb Code    76  stm32f1xx_hal_tim.o(i.HAL_TIM_Base_Start_IT)
    HAL_TIM_ConfigClockSource                0x08001d9d   Thumb Code   214  stm32f1xx_hal_tim.o(i.HAL_TIM_ConfigClockSource)
    HAL_TIM_Encoder_Init                     0x08001e73   Thumb Code   164  stm32f1xx_hal_tim.o(i.HAL_TIM_Encoder_Init)
    HAL_TIM_Encoder_MspInit                  0x08001f19   Thumb Code   158  tim.o(i.HAL_TIM_Encoder_MspInit)
    HAL_TIM_Encoder_Start                    0x08001fc9   Thumb Code   146  stm32f1xx_hal_tim.o(i.HAL_TIM_Encoder_Start)
    HAL_TIM_IC_CaptureCallback               0x0800205b   Thumb Code     2  stm32f1xx_hal_tim.o(i.HAL_TIM_IC_CaptureCallback)
    HAL_TIM_IRQHandler                       0x0800205d   Thumb Code   358  stm32f1xx_hal_tim.o(i.HAL_TIM_IRQHandler)
    HAL_TIM_MspPostInit                      0x080021c5   Thumb Code    64  tim.o(i.HAL_TIM_MspPostInit)
    HAL_TIM_OC_DelayElapsedCallback          0x08002211   Thumb Code     2  stm32f1xx_hal_tim.o(i.HAL_TIM_OC_DelayElapsedCallback)
    HAL_TIM_PWM_ConfigChannel                0x08002213   Thumb Code   198  stm32f1xx_hal_tim.o(i.HAL_TIM_PWM_ConfigChannel)
    HAL_TIM_PWM_Init                         0x080022d9   Thumb Code    90  stm32f1xx_hal_tim.o(i.HAL_TIM_PWM_Init)
    HAL_TIM_PWM_MspInit                      0x08002333   Thumb Code     2  stm32f1xx_hal_tim.o(i.HAL_TIM_PWM_MspInit)
    HAL_TIM_PWM_PulseFinishedCallback        0x08002335   Thumb Code     2  stm32f1xx_hal_tim.o(i.HAL_TIM_PWM_PulseFinishedCallback)
    HAL_TIM_PWM_Start                        0x08002339   Thumb Code   148  stm32f1xx_hal_tim.o(i.HAL_TIM_PWM_Start)
    HAL_TIM_PeriodElapsedCallback            0x080023d9   Thumb Code   306  stm32f1xx_it.o(i.HAL_TIM_PeriodElapsedCallback)
    HAL_TIM_TriggerCallback                  0x08002541   Thumb Code     2  stm32f1xx_hal_tim.o(i.HAL_TIM_TriggerCallback)
    HAL_UARTEx_RxEventCallback               0x08002543   Thumb Code     2  stm32f1xx_hal_uart.o(i.HAL_UARTEx_RxEventCallback)
    HAL_UART_ErrorCallback                   0x08002545   Thumb Code     2  stm32f1xx_hal_uart.o(i.HAL_UART_ErrorCallback)
    HAL_UART_IRQHandler                      0x08002549   Thumb Code   520  stm32f1xx_hal_uart.o(i.HAL_UART_IRQHandler)
    HAL_UART_Init                            0x08002755   Thumb Code    98  stm32f1xx_hal_uart.o(i.HAL_UART_Init)
    HAL_UART_MspInit                         0x080027b9   Thumb Code   282  usart.o(i.HAL_UART_MspInit)
    HAL_UART_Receive_IT                      0x080028ed   Thumb Code    42  stm32f1xx_hal_uart.o(i.HAL_UART_Receive_IT)
    HAL_UART_RxCpltCallback                  0x08002919   Thumb Code   348  stm32f1xx_it.o(i.HAL_UART_RxCpltCallback)
    HAL_UART_Transmit                        0x08002a9d   Thumb Code   176  stm32f1xx_hal_uart.o(i.HAL_UART_Transmit)
    HAL_UART_TxCpltCallback                  0x08002b4d   Thumb Code     2  stm32f1xx_hal_uart.o(i.HAL_UART_TxCpltCallback)
    HC_SR04_Delayus                          0x08002b51   Thumb Code    28  hc_sr04.o(i.HC_SR04_Delayus)
    HC_SR04_Read                             0x08002b75   Thumb Code   130  hc_sr04.o(i.HC_SR04_Read)
    Handle_Over_Zero                         0x08002c11   Thumb Code    90  pid.o(i.Handle_Over_Zero)
    HardFault_Handler                        0x08002c6b   Thumb Code     2  stm32f1xx_it.o(i.HardFault_Handler)
    IIC_Start                                0x08002c6d   Thumb Code    56  oled.o(i.IIC_Start)
    IIC_Stop                                 0x08002cad   Thumb Code    42  oled.o(i.IIC_Stop)
    IIC_Wait_Ack                             0x08002ce1   Thumb Code    30  oled.o(i.IIC_Wait_Ack)
    MPU6050_straight                         0x08002d05   Thumb Code   170  main.o(i.MPU6050_straight)
    MPU6050_turn                             0x08002de9   Thumb Code   108  main.o(i.MPU6050_turn)
    MPU_IIC_Ack                              0x08002e81   Thumb Code    82  mpuiic.o(i.MPU_IIC_Ack)
    MPU_IIC_Init                             0x08002ed9   Thumb Code     2  mpuiic.o(i.MPU_IIC_Init)
    MPU_IIC_NAck                             0x08002edd   Thumb Code    82  mpuiic.o(i.MPU_IIC_NAck)
    MPU_IIC_Read_Byte                        0x08002f35   Thumb Code   116  mpuiic.o(i.MPU_IIC_Read_Byte)
    MPU_IIC_Send_Byte                        0x08002fad   Thumb Code   110  mpuiic.o(i.MPU_IIC_Send_Byte)
    MPU_IIC_Start                            0x08003021   Thumb Code    82  mpuiic.o(i.MPU_IIC_Start)
    MPU_IIC_Stop                             0x08003079   Thumb Code    82  mpuiic.o(i.MPU_IIC_Stop)
    MPU_IIC_Wait_Ack                         0x080030d1   Thumb Code   108  mpuiic.o(i.MPU_IIC_Wait_Ack)
    MPU_Init                                 0x08003141   Thumb Code   118  mpu6050.o(i.MPU_Init)
    MPU_Read_Byte                            0x080031b7   Thumb Code    58  mpu6050.o(i.MPU_Read_Byte)
    MPU_Read_Len                             0x080031f1   Thumb Code   106  mpu6050.o(i.MPU_Read_Len)
    MPU_Set_Accel_Fsr                        0x0800325b   Thumb Code    10  mpu6050.o(i.MPU_Set_Accel_Fsr)
    MPU_Set_Gyro_Fsr                         0x08003265   Thumb Code    10  mpu6050.o(i.MPU_Set_Gyro_Fsr)
    MPU_Set_LPF                              0x0800326f   Thumb Code    48  mpu6050.o(i.MPU_Set_LPF)
    MPU_Set_Rate                             0x0800329f   Thumb Code    46  mpu6050.o(i.MPU_Set_Rate)
    MPU_Write_Byte                           0x080032cd   Thumb Code    60  mpu6050.o(i.MPU_Write_Byte)
    MPU_Write_Len                            0x08003309   Thumb Code    82  mpu6050.o(i.MPU_Write_Len)
    MX_ADC2_Init                             0x0800335d   Thumb Code    72  adc.o(i.MX_ADC2_Init)
    MX_GPIO_Init                             0x080033ad   Thumb Code   322  gpio.o(i.MX_GPIO_Init)
    MX_TIM1_Init                             0x08003509   Thumb Code   212  tim.o(i.MX_TIM1_Init)
    MX_TIM2_Init                             0x080035e5   Thumb Code   102  tim.o(i.MX_TIM2_Init)
    MX_TIM4_Init                             0x08003651   Thumb Code   100  tim.o(i.MX_TIM4_Init)
    MX_USART1_UART_Init                      0x080036bd   Thumb Code    48  usart.o(i.MX_USART1_UART_Init)
    MX_USART2_UART_Init                      0x080036f5   Thumb Code    48  usart.o(i.MX_USART2_UART_Init)
    MX_USART3_UART_Init                      0x0800372d   Thumb Code    48  usart.o(i.MX_USART3_UART_Init)
    MemManage_Handler                        0x08003765   Thumb Code     2  stm32f1xx_it.o(i.MemManage_Handler)
    Motor_Set                                0x08003769   Thumb Code   106  motor.o(i.Motor_Set)
    NMI_Handler                              0x080037dd   Thumb Code     2  stm32f1xx_it.o(i.NMI_Handler)
    OLED_Clear                               0x080037df   Thumb Code    58  oled.o(i.OLED_Clear)
    OLED_Init                                0x08003819   Thumb Code   230  oled.o(i.OLED_Init)
    OLED_Set_Pos                             0x080038ff   Thumb Code    42  oled.o(i.OLED_Set_Pos)
    OLED_ShowChar                            0x08003929   Thumb Code   128  oled.o(i.OLED_ShowChar)
    OLED_ShowString                          0x080039b1   Thumb Code    54  oled.o(i.OLED_ShowString)
    OLED_WR_Byte                             0x080039e7   Thumb Code    12  oled.o(i.OLED_WR_Byte)
    PID_init                                 0x080039f5   Thumb Code   118  pid.o(i.PID_init)
    PID_realize                              0x08003a91   Thumb Code    82  pid.o(i.PID_realize)
    PID_realize_angle                        0x08003ae5   Thumb Code   100  pid.o(i.PID_realize_angle)
    PID_target_limit                         0x08003b4d   Thumb Code    36  pid.o(i.PID_target_limit)
    PendSV_Handler                           0x08003b79   Thumb Code     2  stm32f1xx_it.o(i.PendSV_Handler)
    SVC_Handler                              0x08003b7b   Thumb Code     2  stm32f1xx_it.o(i.SVC_Handler)
    SysTick_Handler                          0x08003b7d   Thumb Code     4  stm32f1xx_it.o(i.SysTick_Handler)
    SystemClock_Config                       0x08003b81   Thumb Code   122  main.o(i.SystemClock_Config)
    SystemInit                               0x08003bfb   Thumb Code     2  system_stm32f1xx.o(i.SystemInit)
    TIM1_UP_IRQHandler                       0x08003bfd   Thumb Code     6  stm32f1xx_it.o(i.TIM1_UP_IRQHandler)
    TIM2_IRQHandler                          0x08003c09   Thumb Code     6  stm32f1xx_it.o(i.TIM2_IRQHandler)
    TIM4_IRQHandler                          0x08003c15   Thumb Code     6  stm32f1xx_it.o(i.TIM4_IRQHandler)
    TIM_Base_SetConfig                       0x08003c21   Thumb Code    94  stm32f1xx_hal_tim.o(i.TIM_Base_SetConfig)
    TIM_CCxChannelCmd                        0x08003c8d   Thumb Code    26  stm32f1xx_hal_tim.o(i.TIM_CCxChannelCmd)
    TIM_ETR_SetConfig                        0x08003ca7   Thumb Code    20  stm32f1xx_hal_tim.o(i.TIM_ETR_SetConfig)
    TIM_OC2_SetConfig                        0x08003d25   Thumb Code    86  stm32f1xx_hal_tim.o(i.TIM_OC2_SetConfig)
    UART_Start_Receive_IT                    0x08004011   Thumb Code    54  stm32f1xx_hal_uart.o(i.UART_Start_Receive_IT)
    USART1_IRQHandler                        0x080040a9   Thumb Code     6  stm32f1xx_it.o(i.USART1_IRQHandler)
    USART2_IRQHandler                        0x080040b5   Thumb Code     6  stm32f1xx_it.o(i.USART2_IRQHandler)
    USART3_IRQHandler                        0x080040c1   Thumb Code     6  stm32f1xx_it.o(i.USART3_IRQHandler)
    UsageFault_Handler                       0x080040cd   Thumb Code     2  stm32f1xx_it.o(i.UsageFault_Handler)
    Write_IIC_Byte                           0x080040d1   Thumb Code    90  oled.o(i.Write_IIC_Byte)
    Write_IIC_Command                        0x08004135   Thumb Code    46  oled.o(i.Write_IIC_Command)
    Write_IIC_Data                           0x08004163   Thumb Code    46  oled.o(i.Write_IIC_Data)
    __0printf                                0x08004191   Thumb Code    22  printfa.o(i.__0printf)
    __1printf                                0x08004191   Thumb Code     0  printfa.o(i.__0printf)
    __2printf                                0x08004191   Thumb Code     0  printfa.o(i.__0printf)
    __c89printf                              0x08004191   Thumb Code     0  printfa.o(i.__0printf)
    printf                                   0x08004191   Thumb Code     0  printfa.o(i.__0printf)
    __0sprintf                               0x080041b1   Thumb Code    34  printfa.o(i.__0sprintf)
    __1sprintf                               0x080041b1   Thumb Code     0  printfa.o(i.__0sprintf)
    __2sprintf                               0x080041b1   Thumb Code     0  printfa.o(i.__0sprintf)
    __c89sprintf                             0x080041b1   Thumb Code     0  printfa.o(i.__0sprintf)
    sprintf                                  0x080041b1   Thumb Code     0  printfa.o(i.__0sprintf)
    __ARM_fpclassify                         0x080041d9   Thumb Code    40  fpclassify.o(i.__ARM_fpclassify)
    __kernel_poly                            0x08004221   Thumb Code   170  poly.o(i.__kernel_poly)
    __mathlib_dbl_infnan                     0x080042cb   Thumb Code     6  dunder.o(i.__mathlib_dbl_infnan)
    __mathlib_dbl_infnan2                    0x080042d1   Thumb Code     4  dunder.o(i.__mathlib_dbl_infnan2)
    __mathlib_dbl_invalid                    0x080042d5   Thumb Code    12  dunder.o(i.__mathlib_dbl_invalid)
    __mathlib_dbl_underflow                  0x080042e1   Thumb Code    10  dunder.o(i.__mathlib_dbl_underflow)
    __scatterload_copy                       0x080042f1   Thumb Code    14  handlers.o(i.__scatterload_copy)
    __scatterload_null                       0x080042ff   Thumb Code     2  handlers.o(i.__scatterload_null)
    __scatterload_zeroinit                   0x08004301   Thumb Code    14  handlers.o(i.__scatterload_zeroinit)
    __set_errno                              0x08004311   Thumb Code     6  errno.o(i.__set_errno)
    adcGetBatteryVoltage                     0x08004c35   Thumb Code    70  adc.o(i.adcGetBatteryVoltage)
    asin                                     0x08004c8d   Thumb Code   572  asin.o(i.asin)
    atan                                     0x08004efd   Thumb Code   474  atan.o(i.atan)
    atan2                                    0x0800511d   Thumb Code   346  atan2.o(i.atan2)
    dmp_enable_6x_lp_quat                    0x0800529d   Thumb Code    58  inv_mpu_dmp_motion_driver.o(i.dmp_enable_6x_lp_quat)
    dmp_enable_feature                       0x080052d9   Thumb Code   468  inv_mpu_dmp_motion_driver.o(i.dmp_enable_feature)
    dmp_enable_gyro_cal                      0x080054b5   Thumb Code    32  inv_mpu_dmp_motion_driver.o(i.dmp_enable_gyro_cal)
    dmp_enable_lp_quat                       0x080054ed   Thumb Code    58  inv_mpu_dmp_motion_driver.o(i.dmp_enable_lp_quat)
    dmp_load_motion_driver_firmware          0x08005529   Thumb Code    16  inv_mpu_dmp_motion_driver.o(i.dmp_load_motion_driver_firmware)
    dmp_read_fifo                            0x0800553d   Thumb Code   324  inv_mpu_dmp_motion_driver.o(i.dmp_read_fifo)
    dmp_set_accel_bias                       0x08005685   Thumb Code   210  inv_mpu_dmp_motion_driver.o(i.dmp_set_accel_bias)
    dmp_set_fifo_rate                        0x0800575d   Thumb Code    82  inv_mpu_dmp_motion_driver.o(i.dmp_set_fifo_rate)
    dmp_set_gyro_bias                        0x080057c1   Thumb Code   196  inv_mpu_dmp_motion_driver.o(i.dmp_set_gyro_bias)
    dmp_set_orientation                      0x0800588d   Thumb Code   246  inv_mpu_dmp_motion_driver.o(i.dmp_set_orientation)
    dmp_set_shake_reject_thresh              0x08005999   Thumb Code    48  inv_mpu_dmp_motion_driver.o(i.dmp_set_shake_reject_thresh)
    dmp_set_shake_reject_time                0x080059c9   Thumb Code    32  inv_mpu_dmp_motion_driver.o(i.dmp_set_shake_reject_time)
    dmp_set_shake_reject_timeout             0x080059e9   Thumb Code    32  inv_mpu_dmp_motion_driver.o(i.dmp_set_shake_reject_timeout)
    dmp_set_tap_axes                         0x08005a09   Thumb Code    64  inv_mpu_dmp_motion_driver.o(i.dmp_set_tap_axes)
    dmp_set_tap_count                        0x08005a49   Thumb Code    34  inv_mpu_dmp_motion_driver.o(i.dmp_set_tap_count)
    dmp_set_tap_thresh                       0x08005a6d   Thumb Code   274  inv_mpu_dmp_motion_driver.o(i.dmp_set_tap_thresh)
    dmp_set_tap_time                         0x08005b95   Thumb Code    32  inv_mpu_dmp_motion_driver.o(i.dmp_set_tap_time)
    dmp_set_tap_time_multi                   0x08005bb5   Thumb Code    32  inv_mpu_dmp_motion_driver.o(i.dmp_set_tap_time_multi)
    fputc                                    0x08005bd5   Thumb Code    20  usart.o(i.fputc)
    inv_orientation_matrix_to_scalar         0x08006081   Thumb Code    34  inv_mpu.o(i.inv_orientation_matrix_to_scalar)
    inv_row_2_scale                          0x080060a3   Thumb Code    72  inv_mpu.o(i.inv_row_2_scale)
    main                                     0x080060ed   Thumb Code  1306  main.o(i.main)
    mget_ms                                  0x08006607   Thumb Code     2  inv_mpu.o(i.mget_ms)
    motorPidSetSpeed                         0x08006609   Thumb Code    54  motor.o(i.motorPidSetSpeed)
    motorPidSpeedCut                         0x08006651   Thumb Code    30  motor.o(i.motorPidSpeedCut)
    motorPidSpeedUp                          0x08006675   Thumb Code    32  motor.o(i.motorPidSpeedUp)
    mpu_configure_fifo                       0x0800669d   Thumb Code    84  inv_mpu.o(i.mpu_configure_fifo)
    mpu_dmp_get_data                         0x080066f5   Thumb Code   416  inv_mpu.o(i.mpu_dmp_get_data)
    mpu_dmp_init                             0x0800689d   Thumb Code   158  inv_mpu.o(i.mpu_dmp_init)
    mpu_get_accel_fsr                        0x08006941   Thumb Code    54  inv_mpu.o(i.mpu_get_accel_fsr)
    mpu_get_accel_sens                       0x0800697d   Thumb Code    62  inv_mpu.o(i.mpu_get_accel_sens)
    mpu_get_gyro_fsr                         0x080069c1   Thumb Code    48  inv_mpu.o(i.mpu_get_gyro_fsr)
    mpu_get_gyro_sens                        0x080069f5   Thumb Code    44  inv_mpu.o(i.mpu_get_gyro_sens)
    mpu_get_lpf                              0x08006a35   Thumb Code    52  inv_mpu.o(i.mpu_get_lpf)
    mpu_get_sample_rate                      0x08006a6d   Thumb Code    22  inv_mpu.o(i.mpu_get_sample_rate)
    mpu_init                                 0x08006a89   Thumb Code   310  inv_mpu.o(i.mpu_init)
    mpu_load_firmware                        0x08006c11   Thumb Code   158  inv_mpu.o(i.mpu_load_firmware)
    mpu_lp_accel_mode                        0x08006cb5   Thumb Code   178  inv_mpu.o(i.mpu_lp_accel_mode)
    mpu_read_fifo_stream                     0x08006d6d   Thumb Code   140  inv_mpu.o(i.mpu_read_fifo_stream)
    mpu_read_mem                             0x08006dfd   Thumb Code    80  inv_mpu.o(i.mpu_read_mem)
    mpu_reset_fifo                           0x08006e51   Thumb Code   344  inv_mpu.o(i.mpu_reset_fifo)
    mpu_run_self_test                        0x08006fad   Thumb Code   234  inv_mpu.o(i.mpu_run_self_test)
    mpu_set_accel_fsr                        0x0800709d   Thumb Code    98  inv_mpu.o(i.mpu_set_accel_fsr)
    mpu_set_bypass                           0x08007105   Thumb Code   214  inv_mpu.o(i.mpu_set_bypass)
    mpu_set_dmp_state                        0x080071e1   Thumb Code   114  inv_mpu.o(i.mpu_set_dmp_state)
    mpu_set_gyro_fsr                         0x08007259   Thumb Code   104  inv_mpu.o(i.mpu_set_gyro_fsr)
    mpu_set_int_latched                      0x080072c5   Thumb Code    94  inv_mpu.o(i.mpu_set_int_latched)
    mpu_set_lpf                              0x08007329   Thumb Code   102  inv_mpu.o(i.mpu_set_lpf)
    mpu_set_sample_rate                      0x08007395   Thumb Code   116  inv_mpu.o(i.mpu_set_sample_rate)
    mpu_set_sensors                          0x0800740d   Thumb Code   178  inv_mpu.o(i.mpu_set_sensors)
    mpu_write_mem                            0x080074c5   Thumb Code    80  inv_mpu.o(i.mpu_write_mem)
    mpuiic_Delayus                           0x08007519   Thumb Code    28  mpuiic.o(i.mpuiic_Delayus)
    run_self_test                            0x0800753d   Thumb Code   128  inv_mpu.o(i.run_self_test)
    sqrt                                     0x08007611   Thumb Code    76  sqrt.o(i.sqrt)
    AHBPrescTable                            0x0800765c   Data          16  system_stm32f1xx.o(.constdata)
    APBPrescTable                            0x0800766c   Data           8  system_stm32f1xx.o(.constdata)
    F6x8                                     0x08007674   Data         552  oled.o(.constdata)
    F8X16                                    0x0800789c   Data        1520  oled.o(.constdata)
    reg                                      0x08008a82   Data          27  inv_mpu.o(.constdata)
    hw                                       0x08008a9e   Data          12  inv_mpu.o(.constdata)
    test                                     0x08008aac   Data          40  inv_mpu.o(.constdata)
    __mathlib_zero                           0x08008bc0   Data           8  qnan.o(.constdata)
    Region$$Table$$Base                      0x08008c18   Number         0  anon$$obj.o(Region$$Table)
    Region$$Table$$Limit                     0x08008c38   Number         0  anon$$obj.o(Region$$Table)
    g_cThisState                             0x20000000   Data           1  main.o(.data)
    g_cLastState                             0x20000001   Data           1  main.o(.data)
    delay_count_start                        0x20000002   Data           1  main.o(.data)
    g_ucMode                                 0x20000003   Data           1  main.o(.data)
    g_ucUsart3ReceiveData                    0x20000004   Data           1  main.o(.data)
    g_ucUsart2ReceiveData                    0x20000005   Data           1  main.o(.data)
    g_ucUsart1ReceiveData                    0x20000006   Data           1  main.o(.data)
    g_ucaHW_Read                             0x20000007   Data           4  main.o(.data)
    g_fMPU6050YawMovePidOut                  0x2000000c   Data           4  main.o(.data)
    g_fMPU6050YawMovePidOut1                 0x20000010   Data           4  main.o(.data)
    g_fMPU6050YawMovePidOut2                 0x20000014   Data           4  main.o(.data)
    g_fHW_PID_Out                            0x20000018   Data           4  main.o(.data)
    g_fHW_PID_Out1                           0x2000001c   Data           4  main.o(.data)
    g_fHW_PID_Out2                           0x20000020   Data           4  main.o(.data)
    pitch                                    0x20000024   Data           4  main.o(.data)
    roll                                     0x20000028   Data           4  main.o(.data)
    yaw                                      0x2000002c   Data           4  main.o(.data)
    Encode1Count                             0x20000030   Data           2  stm32f1xx_it.o(.data)
    Encode2Count                             0x20000032   Data           2  stm32f1xx_it.o(.data)
    TimerCount                               0x20000034   Data           2  stm32f1xx_it.o(.data)
    delay_count                              0x20000036   Data           2  stm32f1xx_it.o(.data)
    Motor1Speed                              0x20000038   Data           4  stm32f1xx_it.o(.data)
    Motor2Speed                              0x2000003c   Data           4  stm32f1xx_it.o(.data)
    speedcar                                 0x20000040   Data           4  stm32f1xx_it.o(.data)
    Mileage                                  0x20000044   Data           4  stm32f1xx_it.o(.data)
    uwTickFreq                               0x20000048   Data           1  stm32f1xx_hal.o(.data)
    uwTickPrio                               0x2000004c   Data           4  stm32f1xx_hal.o(.data)
    uwTick                                   0x20000050   Data           4  stm32f1xx_hal.o(.data)
    SystemCoreClock                          0x20000054   Data           4  system_stm32f1xx.o(.data)
    motorSpeedUpCut                          0x20000058   Data           4  motor.o(.data)
    __stdout                                 0x20000094   Data           4  stdout.o(.data)
    OledString                               0x2000009c   Data          50  main.o(.bss)
    Usart3String                             0x200000ce   Data          50  main.o(.bss)
    hadc2                                    0x20000100   Data          48  adc.o(.bss)
    htim1                                    0x20000130   Data          72  tim.o(.bss)
    htim2                                    0x20000178   Data          72  tim.o(.bss)
    htim4                                    0x200001c0   Data          72  tim.o(.bss)
    huart1                                   0x20000208   Data          68  usart.o(.bss)
    huart2                                   0x2000024c   Data          68  usart.o(.bss)
    huart3                                   0x20000290   Data          68  usart.o(.bss)
    pidMotor1Speed                           0x200002d4   Data          32  pid.o(.bss)
    pidMotor2Speed                           0x200002f4   Data          32  pid.o(.bss)
    pidHW_Tracking                           0x20000314   Data          32  pid.o(.bss)
    pidFollow                                0x20000334   Data          32  pid.o(.bss)
    pidMPU6050YawMovement                    0x20000354   Data          32  pid.o(.bss)
    __initial_sp                             0x20000b88   Data           0  startup_stm32f103xb.o(STACK)



==============================================================================

Memory Map of the image

  Image Entry point : 0x080000ed

  Load Region LR_IROM1 (Base: 0x08000000, Size: 0x00008cd4, Max: 0x00010000, ABSOLUTE)

    Execution Region ER_IROM1 (Exec base: 0x08000000, Load base: 0x08000000, Size: 0x00008c38, Max: 0x00010000, ABSOLUTE)

    Exec Addr    Load Addr    Size         Type   Attr      Idx    E Section Name        Object

    0x08000000   0x08000000   0x000000ec   Data   RO            3    RESET               startup_stm32f103xb.o
    0x080000ec   0x080000ec   0x00000000   Code   RO         4941  * .ARM.Collect$$$$00000000  mc_w.l(entry.o)
    0x080000ec   0x080000ec   0x00000004   Code   RO         5340    .ARM.Collect$$$$00000001  mc_w.l(entry2.o)
    0x080000f0   0x080000f0   0x00000004   Code   RO         5343    .ARM.Collect$$$$00000004  mc_w.l(entry5.o)
    0x080000f4   0x080000f4   0x00000000   Code   RO         5345    .ARM.Collect$$$$00000008  mc_w.l(entry7b.o)
    0x080000f4   0x080000f4   0x00000000   Code   RO         5347    .ARM.Collect$$$$0000000A  mc_w.l(entry8b.o)
    0x080000f4   0x080000f4   0x00000008   Code   RO         5348    .ARM.Collect$$$$0000000B  mc_w.l(entry9a.o)
    0x080000fc   0x080000fc   0x00000000   Code   RO         5350    .ARM.Collect$$$$0000000D  mc_w.l(entry10a.o)
    0x080000fc   0x080000fc   0x00000000   Code   RO         5352    .ARM.Collect$$$$0000000F  mc_w.l(entry11a.o)
    0x080000fc   0x080000fc   0x00000004   Code   RO         5341    .ARM.Collect$$$$00002712  mc_w.l(entry2.o)
    0x08000100   0x08000100   0x00000024   Code   RO            4    .text               startup_stm32f103xb.o
    0x08000124   0x08000124   0x00000062   Code   RO         4944    .text               mc_w.l(ldiv.o)
    0x08000186   0x08000186   0x00000020   Code   RO         4946    .text               mc_w.l(llushr.o)
    0x080001a6   0x080001a6   0x00000024   Code   RO         4952    .text               mc_w.l(memseta.o)
    0x080001ca   0x080001ca   0x0000000e   Code   RO         4954    .text               mc_w.l(strlen.o)
    0x080001d8   0x080001d8   0x0000001a   Code   RO         4958    .text               mc_w.l(memcmp.o)
    0x080001f2   0x080001f2   0x000000b0   Code   RO         5261    .text               mf_w.l(fadd.o)
    0x080002a2   0x080002a2   0x00000064   Code   RO         5263    .text               mf_w.l(fmul.o)
    0x08000306   0x08000306   0x0000007c   Code   RO         5265    .text               mf_w.l(fdiv.o)
    0x08000382   0x08000382   0x00000018   Code   RO         5267    .text               mf_w.l(fscalb.o)
    0x0800039a   0x0800039a   0x0000014e   Code   RO         5269    .text               mf_w.l(dadd.o)
    0x080004e8   0x080004e8   0x000000e4   Code   RO         5271    .text               mf_w.l(dmul.o)
    0x080005cc   0x080005cc   0x000000de   Code   RO         5273    .text               mf_w.l(ddiv.o)
    0x080006aa   0x080006aa   0x0000002e   Code   RO         5275    .text               mf_w.l(dscalb.o)
    0x080006d8   0x080006d8   0x00000012   Code   RO         5277    .text               mf_w.l(fflti.o)
    0x080006ea   0x080006ea   0x0000000a   Code   RO         5279    .text               mf_w.l(ffltui.o)
    0x080006f4   0x080006f4   0x0000001a   Code   RO         5283    .text               mf_w.l(dfltui.o)
    0x0800070e   0x0800070e   0x00000032   Code   RO         5285    .text               mf_w.l(ffixi.o)
    0x08000740   0x08000740   0x00000028   Code   RO         5287    .text               mf_w.l(ffixui.o)
    0x08000768   0x08000768   0x00000026   Code   RO         5291    .text               mf_w.l(f2d.o)
    0x0800078e   0x0800078e   0x00000002   PAD
    0x08000790   0x08000790   0x00000030   Code   RO         5295    .text               mf_w.l(cdrcmple.o)
    0x080007c0   0x080007c0   0x00000038   Code   RO         5297    .text               mf_w.l(d2f.o)
    0x080007f8   0x080007f8   0x00000014   Code   RO         5299    .text               mf_w.l(cfcmple.o)
    0x0800080c   0x0800080c   0x00000014   Code   RO         5301    .text               mf_w.l(cfrcmple.o)
    0x08000820   0x08000820   0x0000002c   Code   RO         5355    .text               mc_w.l(uidiv.o)
    0x0800084c   0x0800084c   0x00000062   Code   RO         5357    .text               mc_w.l(uldiv.o)
    0x080008ae   0x080008ae   0x0000001e   Code   RO         5359    .text               mc_w.l(llshl.o)
    0x080008cc   0x080008cc   0x00000024   Code   RO         5361    .text               mc_w.l(llsshr.o)
    0x080008f0   0x080008f0   0x00000000   Code   RO         5378    .text               mc_w.l(iusefp.o)
    0x080008f0   0x080008f0   0x0000006e   Code   RO         5379    .text               mf_w.l(fepilogue.o)
    0x0800095e   0x0800095e   0x000000ba   Code   RO         5381    .text               mf_w.l(depilogue.o)
    0x08000a18   0x08000a18   0x00000030   Code   RO         5385    .text               mf_w.l(dfixul.o)
    0x08000a48   0x08000a48   0x00000024   Code   RO         5387    .text               mc_w.l(init.o)
    0x08000a6c   0x08000a6c   0x000000a2   Code   RO         5393    .text               mf_w.l(dsqrt.o)
    0x08000b0e   0x08000b0e   0x00000054   Code   RO          638    i.ADC_ConversionStop_Disable  stm32f1xx_hal_adc.o
    0x08000b62   0x08000b62   0x00000002   PAD
    0x08000b64   0x08000b64   0x00000078   Code   RO          642    i.ADC_Enable        stm32f1xx_hal_adc.o
    0x08000bdc   0x08000bdc   0x00000002   Code   RO          442    i.BusFault_Handler  stm32f1xx_it.o
    0x08000bde   0x08000bde   0x00000002   Code   RO          443    i.DebugMon_Handler  stm32f1xx_it.o
    0x08000be0   0x08000be0   0x00000008   Code   RO          444    i.EXTI15_10_IRQHandler  stm32f1xx_it.o
    0x08000be8   0x08000be8   0x00000006   Code   RO          445    i.EXTI4_IRQHandler  stm32f1xx_it.o
    0x08000bee   0x08000bee   0x00000004   Code   RO           13    i.Error_Handler     main.o
    0x08000bf2   0x08000bf2   0x00000002   PAD
    0x08000bf4   0x08000bf4   0x000000fc   Code   RO          644    i.HAL_ADC_ConfigChannel  stm32f1xx_hal_adc.o
    0x08000cf0   0x08000cf0   0x00000006   Code   RO          651    i.HAL_ADC_GetValue  stm32f1xx_hal_adc.o
    0x08000cf6   0x08000cf6   0x00000002   PAD
    0x08000cf8   0x08000cf8   0x0000011c   Code   RO          653    i.HAL_ADC_Init      stm32f1xx_hal_adc.o
    0x08000e14   0x08000e14   0x00000058   Code   RO          262    i.HAL_ADC_MspInit   adc.o
    0x08000e6c   0x08000e6c   0x0000013c   Code   RO          657    i.HAL_ADC_PollForConversion  stm32f1xx_hal_adc.o
    0x08000fa8   0x08000fa8   0x000000c0   Code   RO          659    i.HAL_ADC_Start     stm32f1xx_hal_adc.o
    0x08001068   0x08001068   0x00000046   Code   RO         1293    i.HAL_DMA_Abort     stm32f1xx_hal_dma.o
    0x080010ae   0x080010ae   0x00000002   PAD
    0x080010b0   0x080010b0   0x00000098   Code   RO         1294    i.HAL_DMA_Abort_IT  stm32f1xx_hal_dma.o
    0x08001148   0x08001148   0x00000024   Code   RO          921    i.HAL_Delay         stm32f1xx_hal.o
    0x0800116c   0x0800116c   0x0000006c   Code   RO          230    i.HAL_GPIO_EXTI_Callback  gpio.o
    0x080011d8   0x080011d8   0x00000018   Code   RO         1228    i.HAL_GPIO_EXTI_IRQHandler  stm32f1xx_hal_gpio.o
    0x080011f0   0x080011f0   0x000001cc   Code   RO         1229    i.HAL_GPIO_Init     stm32f1xx_hal_gpio.o
    0x080013bc   0x080013bc   0x0000000a   Code   RO         1231    i.HAL_GPIO_ReadPin  stm32f1xx_hal_gpio.o
    0x080013c6   0x080013c6   0x00000010   Code   RO         1232    i.HAL_GPIO_TogglePin  stm32f1xx_hal_gpio.o
    0x080013d6   0x080013d6   0x0000000a   Code   RO         1233    i.HAL_GPIO_WritePin  stm32f1xx_hal_gpio.o
    0x080013e0   0x080013e0   0x0000000c   Code   RO          925    i.HAL_GetTick       stm32f1xx_hal.o
    0x080013ec   0x080013ec   0x00000010   Code   RO          931    i.HAL_IncTick       stm32f1xx_hal.o
    0x080013fc   0x080013fc   0x00000024   Code   RO          932    i.HAL_Init          stm32f1xx_hal.o
    0x08001420   0x08001420   0x00000040   Code   RO          933    i.HAL_InitTick      stm32f1xx_hal.o
    0x08001460   0x08001460   0x0000003c   Code   RO          578    i.HAL_MspInit       stm32f1xx_hal_msp.o
    0x0800149c   0x0800149c   0x0000001a   Code   RO         1389    i.HAL_NVIC_EnableIRQ  stm32f1xx_hal_cortex.o
    0x080014b6   0x080014b6   0x00000002   PAD
    0x080014b8   0x080014b8   0x00000040   Code   RO         1395    i.HAL_NVIC_SetPriority  stm32f1xx_hal_cortex.o
    0x080014f8   0x080014f8   0x00000024   Code   RO         1396    i.HAL_NVIC_SetPriorityGrouping  stm32f1xx_hal_cortex.o
    0x0800151c   0x0800151c   0x000000c4   Code   RO         1191    i.HAL_RCCEx_GetPeriphCLKFreq  stm32f1xx_hal_rcc_ex.o
    0x080015e0   0x080015e0   0x000000e8   Code   RO         1192    i.HAL_RCCEx_PeriphCLKConfig  stm32f1xx_hal_rcc_ex.o
    0x080016c8   0x080016c8   0x00000138   Code   RO         1089    i.HAL_RCC_ClockConfig  stm32f1xx_hal_rcc.o
    0x08001800   0x08001800   0x00000020   Code   RO         1096    i.HAL_RCC_GetPCLK1Freq  stm32f1xx_hal_rcc.o
    0x08001820   0x08001820   0x00000020   Code   RO         1097    i.HAL_RCC_GetPCLK2Freq  stm32f1xx_hal_rcc.o
    0x08001840   0x08001840   0x0000006c   Code   RO         1098    i.HAL_RCC_GetSysClockFreq  stm32f1xx_hal_rcc.o
    0x080018ac   0x080018ac   0x00000318   Code   RO         1101    i.HAL_RCC_OscConfig  stm32f1xx_hal_rcc.o
    0x08001bc4   0x08001bc4   0x00000028   Code   RO         1400    i.HAL_SYSTICK_Config  stm32f1xx_hal_cortex.o
    0x08001bec   0x08001bec   0x00000002   Code   RO         2595    i.HAL_TIMEx_BreakCallback  stm32f1xx_hal_tim_ex.o
    0x08001bee   0x08001bee   0x00000002   Code   RO         2596    i.HAL_TIMEx_CommutCallback  stm32f1xx_hal_tim_ex.o
    0x08001bf0   0x08001bf0   0x00000054   Code   RO         2598    i.HAL_TIMEx_ConfigBreakDeadTime  stm32f1xx_hal_tim_ex.o
    0x08001c44   0x08001c44   0x00000068   Code   RO         2614    i.HAL_TIMEx_MasterConfigSynchronization  stm32f1xx_hal_tim_ex.o
    0x08001cac   0x08001cac   0x0000005a   Code   RO         1891    i.HAL_TIM_Base_Init  stm32f1xx_hal_tim.o
    0x08001d06   0x08001d06   0x00000002   PAD
    0x08001d08   0x08001d08   0x0000003c   Code   RO          310    i.HAL_TIM_Base_MspInit  tim.o
    0x08001d44   0x08001d44   0x00000058   Code   RO         1896    i.HAL_TIM_Base_Start_IT  stm32f1xx_hal_tim.o
    0x08001d9c   0x08001d9c   0x000000d6   Code   RO         1900    i.HAL_TIM_ConfigClockSource  stm32f1xx_hal_tim.o
    0x08001e72   0x08001e72   0x000000a4   Code   RO         1912    i.HAL_TIM_Encoder_Init  stm32f1xx_hal_tim.o
    0x08001f16   0x08001f16   0x00000002   PAD
    0x08001f18   0x08001f18   0x000000b0   Code   RO          312    i.HAL_TIM_Encoder_MspInit  tim.o
    0x08001fc8   0x08001fc8   0x00000092   Code   RO         1915    i.HAL_TIM_Encoder_Start  stm32f1xx_hal_tim.o
    0x0800205a   0x0800205a   0x00000002   Code   RO         1925    i.HAL_TIM_IC_CaptureCallback  stm32f1xx_hal_tim.o
    0x0800205c   0x0800205c   0x00000166   Code   RO         1939    i.HAL_TIM_IRQHandler  stm32f1xx_hal_tim.o
    0x080021c2   0x080021c2   0x00000002   PAD
    0x080021c4   0x080021c4   0x0000004c   Code   RO          313    i.HAL_TIM_MspPostInit  tim.o
    0x08002210   0x08002210   0x00000002   Code   RO         1942    i.HAL_TIM_OC_DelayElapsedCallback  stm32f1xx_hal_tim.o
    0x08002212   0x08002212   0x000000c6   Code   RO         1963    i.HAL_TIM_PWM_ConfigChannel  stm32f1xx_hal_tim.o
    0x080022d8   0x080022d8   0x0000005a   Code   RO         1966    i.HAL_TIM_PWM_Init  stm32f1xx_hal_tim.o
    0x08002332   0x08002332   0x00000002   Code   RO         1968    i.HAL_TIM_PWM_MspInit  stm32f1xx_hal_tim.o
    0x08002334   0x08002334   0x00000002   Code   RO         1969    i.HAL_TIM_PWM_PulseFinishedCallback  stm32f1xx_hal_tim.o
    0x08002336   0x08002336   0x00000002   PAD
    0x08002338   0x08002338   0x000000a0   Code   RO         1971    i.HAL_TIM_PWM_Start  stm32f1xx_hal_tim.o
    0x080023d8   0x080023d8   0x00000168   Code   RO          446    i.HAL_TIM_PeriodElapsedCallback  stm32f1xx_it.o
    0x08002540   0x08002540   0x00000002   Code   RO         1982    i.HAL_TIM_TriggerCallback  stm32f1xx_hal_tim.o
    0x08002542   0x08002542   0x00000002   Code   RO         2873    i.HAL_UARTEx_RxEventCallback  stm32f1xx_hal_uart.o
    0x08002544   0x08002544   0x00000002   Code   RO         2887    i.HAL_UART_ErrorCallback  stm32f1xx_hal_uart.o
    0x08002546   0x08002546   0x00000002   PAD
    0x08002548   0x08002548   0x0000020c   Code   RO         2890    i.HAL_UART_IRQHandler  stm32f1xx_hal_uart.o
    0x08002754   0x08002754   0x00000062   Code   RO         2891    i.HAL_UART_Init     stm32f1xx_hal_uart.o
    0x080027b6   0x080027b6   0x00000002   PAD
    0x080027b8   0x080027b8   0x00000134   Code   RO          382    i.HAL_UART_MspInit  usart.o
    0x080028ec   0x080028ec   0x0000002a   Code   RO         2896    i.HAL_UART_Receive_IT  stm32f1xx_hal_uart.o
    0x08002916   0x08002916   0x00000002   PAD
    0x08002918   0x08002918   0x00000184   Code   RO          447    i.HAL_UART_RxCpltCallback  stm32f1xx_it.o
    0x08002a9c   0x08002a9c   0x000000b0   Code   RO         2899    i.HAL_UART_Transmit  stm32f1xx_hal_uart.o
    0x08002b4c   0x08002b4c   0x00000002   Code   RO         2902    i.HAL_UART_TxCpltCallback  stm32f1xx_hal_uart.o
    0x08002b4e   0x08002b4e   0x00000002   PAD
    0x08002b50   0x08002b50   0x00000024   Code   RO         4185    i.HC_SR04_Delayus   hc_sr04.o
    0x08002b74   0x08002b74   0x0000009c   Code   RO         4186    i.HC_SR04_Read      hc_sr04.o
    0x08002c10   0x08002c10   0x0000005a   Code   RO         3507    i.Handle_Over_Zero  pid.o
    0x08002c6a   0x08002c6a   0x00000002   Code   RO          448    i.HardFault_Handler  stm32f1xx_it.o
    0x08002c6c   0x08002c6c   0x00000040   Code   RO         3259    i.IIC_Start         oled.o
    0x08002cac   0x08002cac   0x00000034   Code   RO         3260    i.IIC_Stop          oled.o
    0x08002ce0   0x08002ce0   0x00000024   Code   RO         3261    i.IIC_Wait_Ack      oled.o
    0x08002d04   0x08002d04   0x000000e4   Code   RO           14    i.MPU6050_straight  main.o
    0x08002de8   0x08002de8   0x00000098   Code   RO           15    i.MPU6050_turn      main.o
    0x08002e80   0x08002e80   0x00000058   Code   RO         4313    i.MPU_IIC_Ack       mpuiic.o
    0x08002ed8   0x08002ed8   0x00000002   Code   RO         4315    i.MPU_IIC_Init      mpuiic.o
    0x08002eda   0x08002eda   0x00000002   PAD
    0x08002edc   0x08002edc   0x00000058   Code   RO         4316    i.MPU_IIC_NAck      mpuiic.o
    0x08002f34   0x08002f34   0x00000078   Code   RO         4317    i.MPU_IIC_Read_Byte  mpuiic.o
    0x08002fac   0x08002fac   0x00000074   Code   RO         4318    i.MPU_IIC_Send_Byte  mpuiic.o
    0x08003020   0x08003020   0x00000058   Code   RO         4319    i.MPU_IIC_Start     mpuiic.o
    0x08003078   0x08003078   0x00000058   Code   RO         4320    i.MPU_IIC_Stop      mpuiic.o
    0x080030d0   0x080030d0   0x00000070   Code   RO         4321    i.MPU_IIC_Wait_Ack  mpuiic.o
    0x08003140   0x08003140   0x00000076   Code   RO         4221    i.MPU_Init          mpu6050.o
    0x080031b6   0x080031b6   0x0000003a   Code   RO         4222    i.MPU_Read_Byte     mpu6050.o
    0x080031f0   0x080031f0   0x0000006a   Code   RO         4223    i.MPU_Read_Len      mpu6050.o
    0x0800325a   0x0800325a   0x0000000a   Code   RO         4224    i.MPU_Set_Accel_Fsr  mpu6050.o
    0x08003264   0x08003264   0x0000000a   Code   RO         4225    i.MPU_Set_Gyro_Fsr  mpu6050.o
    0x0800326e   0x0800326e   0x00000030   Code   RO         4226    i.MPU_Set_LPF       mpu6050.o
    0x0800329e   0x0800329e   0x0000002e   Code   RO         4227    i.MPU_Set_Rate      mpu6050.o
    0x080032cc   0x080032cc   0x0000003c   Code   RO         4228    i.MPU_Write_Byte    mpu6050.o
    0x08003308   0x08003308   0x00000052   Code   RO         4229    i.MPU_Write_Len     mpu6050.o
    0x0800335a   0x0800335a   0x00000002   PAD
    0x0800335c   0x0800335c   0x00000050   Code   RO          263    i.MX_ADC2_Init      adc.o
    0x080033ac   0x080033ac   0x0000015c   Code   RO          231    i.MX_GPIO_Init      gpio.o
    0x08003508   0x08003508   0x000000dc   Code   RO          314    i.MX_TIM1_Init      tim.o
    0x080035e4   0x080035e4   0x0000006c   Code   RO          315    i.MX_TIM2_Init      tim.o
    0x08003650   0x08003650   0x0000006c   Code   RO          316    i.MX_TIM4_Init      tim.o
    0x080036bc   0x080036bc   0x00000038   Code   RO          383    i.MX_USART1_UART_Init  usart.o
    0x080036f4   0x080036f4   0x00000038   Code   RO          384    i.MX_USART2_UART_Init  usart.o
    0x0800372c   0x0800372c   0x00000038   Code   RO          385    i.MX_USART3_UART_Init  usart.o
    0x08003764   0x08003764   0x00000002   Code   RO          449    i.MemManage_Handler  stm32f1xx_it.o
    0x08003766   0x08003766   0x00000002   PAD
    0x08003768   0x08003768   0x00000074   Code   RO         3419    i.Motor_Set         motor.o
    0x080037dc   0x080037dc   0x00000002   Code   RO          450    i.NMI_Handler       stm32f1xx_it.o
    0x080037de   0x080037de   0x0000003a   Code   RO         3262    i.OLED_Clear        oled.o
    0x08003818   0x08003818   0x000000e6   Code   RO         3266    i.OLED_Init         oled.o
    0x080038fe   0x080038fe   0x0000002a   Code   RO         3268    i.OLED_Set_Pos      oled.o
    0x08003928   0x08003928   0x00000088   Code   RO         3270    i.OLED_ShowChar     oled.o
    0x080039b0   0x080039b0   0x00000036   Code   RO         3272    i.OLED_ShowString   oled.o
    0x080039e6   0x080039e6   0x0000000c   Code   RO         3273    i.OLED_WR_Byte      oled.o
    0x080039f2   0x080039f2   0x00000002   PAD
    0x080039f4   0x080039f4   0x0000009c   Code   RO         3508    i.PID_init          pid.o
    0x08003a90   0x08003a90   0x00000052   Code   RO         3509    i.PID_realize       pid.o
    0x08003ae2   0x08003ae2   0x00000002   PAD
    0x08003ae4   0x08003ae4   0x00000068   Code   RO         3510    i.PID_realize_angle  pid.o
    0x08003b4c   0x08003b4c   0x0000002c   Code   RO         3511    i.PID_target_limit  pid.o
    0x08003b78   0x08003b78   0x00000002   Code   RO          451    i.PendSV_Handler    stm32f1xx_it.o
    0x08003b7a   0x08003b7a   0x00000002   Code   RO          452    i.SVC_Handler       stm32f1xx_it.o
    0x08003b7c   0x08003b7c   0x00000004   Code   RO          453    i.SysTick_Handler   stm32f1xx_it.o
    0x08003b80   0x08003b80   0x0000007a   Code   RO           16    i.SystemClock_Config  main.o
    0x08003bfa   0x08003bfa   0x00000002   Code   RO         3220    i.SystemInit        system_stm32f1xx.o
    0x08003bfc   0x08003bfc   0x0000000c   Code   RO          454    i.TIM1_UP_IRQHandler  stm32f1xx_it.o
    0x08003c08   0x08003c08   0x0000000c   Code   RO          455    i.TIM2_IRQHandler   stm32f1xx_it.o
    0x08003c14   0x08003c14   0x0000000c   Code   RO          456    i.TIM4_IRQHandler   stm32f1xx_it.o
    0x08003c20   0x08003c20   0x0000006c   Code   RO         1984    i.TIM_Base_SetConfig  stm32f1xx_hal_tim.o
    0x08003c8c   0x08003c8c   0x0000001a   Code   RO         1985    i.TIM_CCxChannelCmd  stm32f1xx_hal_tim.o
    0x08003ca6   0x08003ca6   0x00000014   Code   RO         1995    i.TIM_ETR_SetConfig  stm32f1xx_hal_tim.o
    0x08003cba   0x08003cba   0x00000010   Code   RO         1996    i.TIM_ITRx_SetConfig  stm32f1xx_hal_tim.o
    0x08003cca   0x08003cca   0x00000002   PAD
    0x08003ccc   0x08003ccc   0x00000058   Code   RO         1997    i.TIM_OC1_SetConfig  stm32f1xx_hal_tim.o
    0x08003d24   0x08003d24   0x0000005c   Code   RO         1998    i.TIM_OC2_SetConfig  stm32f1xx_hal_tim.o
    0x08003d80   0x08003d80   0x00000058   Code   RO         1999    i.TIM_OC3_SetConfig  stm32f1xx_hal_tim.o
    0x08003dd8   0x08003dd8   0x00000044   Code   RO         2000    i.TIM_OC4_SetConfig  stm32f1xx_hal_tim.o
    0x08003e1c   0x08003e1c   0x00000022   Code   RO         2002    i.TIM_TI1_ConfigInputStage  stm32f1xx_hal_tim.o
    0x08003e3e   0x08003e3e   0x00000024   Code   RO         2004    i.TIM_TI2_ConfigInputStage  stm32f1xx_hal_tim.o
    0x08003e62   0x08003e62   0x00000010   Code   RO         2904    i.UART_DMAAbortOnError  stm32f1xx_hal_uart.o
    0x08003e72   0x08003e72   0x00000030   Code   RO         2914    i.UART_EndRxTransfer  stm32f1xx_hal_uart.o
    0x08003ea2   0x08003ea2   0x000000b6   Code   RO         2916    i.UART_Receive_IT   stm32f1xx_hal_uart.o
    0x08003f58   0x08003f58   0x000000b8   Code   RO         2917    i.UART_SetConfig    stm32f1xx_hal_uart.o
    0x08004010   0x08004010   0x00000036   Code   RO         2919    i.UART_Start_Receive_IT  stm32f1xx_hal_uart.o
    0x08004046   0x08004046   0x00000062   Code   RO         2920    i.UART_WaitOnFlagUntilTimeout  stm32f1xx_hal_uart.o
    0x080040a8   0x080040a8   0x0000000c   Code   RO          457    i.USART1_IRQHandler  stm32f1xx_it.o
    0x080040b4   0x080040b4   0x0000000c   Code   RO          458    i.USART2_IRQHandler  stm32f1xx_it.o
    0x080040c0   0x080040c0   0x0000000c   Code   RO          459    i.USART3_IRQHandler  stm32f1xx_it.o
    0x080040cc   0x080040cc   0x00000002   Code   RO          460    i.UsageFault_Handler  stm32f1xx_it.o
    0x080040ce   0x080040ce   0x00000002   PAD
    0x080040d0   0x080040d0   0x00000064   Code   RO         3274    i.Write_IIC_Byte    oled.o
    0x08004134   0x08004134   0x0000002e   Code   RO         3275    i.Write_IIC_Command  oled.o
    0x08004162   0x08004162   0x0000002e   Code   RO         3276    i.Write_IIC_Data    oled.o
    0x08004190   0x08004190   0x00000020   Code   RO         5199    i.__0printf         mc_w.l(printfa.o)
    0x080041b0   0x080041b0   0x00000028   Code   RO         5201    i.__0sprintf        mc_w.l(printfa.o)
    0x080041d8   0x080041d8   0x00000028   Code   RO         5327    i.__ARM_fpclassify  m_ws.l(fpclassify.o)
    0x08004200   0x08004200   0x00000020   Code   RO         1402    i.__NVIC_SetPriority  stm32f1xx_hal_cortex.o
    0x08004220   0x08004220   0x000000aa   Code   RO         5329    i.__kernel_poly     m_ws.l(poly.o)
    0x080042ca   0x080042ca   0x00000006   Code   RO         5314    i.__mathlib_dbl_infnan  m_ws.l(dunder.o)
    0x080042d0   0x080042d0   0x00000004   Code   RO         5315    i.__mathlib_dbl_infnan2  m_ws.l(dunder.o)
    0x080042d4   0x080042d4   0x0000000c   Code   RO         5316    i.__mathlib_dbl_invalid  m_ws.l(dunder.o)
    0x080042e0   0x080042e0   0x00000010   Code   RO         5319    i.__mathlib_dbl_underflow  m_ws.l(dunder.o)
    0x080042f0   0x080042f0   0x0000000e   Code   RO         5400    i.__scatterload_copy  mc_w.l(handlers.o)
    0x080042fe   0x080042fe   0x00000002   Code   RO         5401    i.__scatterload_null  mc_w.l(handlers.o)
    0x08004300   0x08004300   0x0000000e   Code   RO         5402    i.__scatterload_zeroinit  mc_w.l(handlers.o)
    0x0800430e   0x0800430e   0x00000002   PAD
    0x08004310   0x08004310   0x0000000c   Code   RO         5367    i.__set_errno       mc_w.l(errno.o)
    0x0800431c   0x0800431c   0x00000164   Code   RO         5206    i._fp_digits        mc_w.l(printfa.o)
    0x08004480   0x08004480   0x000006dc   Code   RO         5207    i._printf_core      mc_w.l(printfa.o)
    0x08004b5c   0x08004b5c   0x00000024   Code   RO         5208    i._printf_post_padding  mc_w.l(printfa.o)
    0x08004b80   0x08004b80   0x0000002e   Code   RO         5209    i._printf_pre_padding  mc_w.l(printfa.o)
    0x08004bae   0x08004bae   0x0000000a   Code   RO         5211    i._sputc            mc_w.l(printfa.o)
    0x08004bb8   0x08004bb8   0x0000007c   Code   RO         4583    i.accel_self_test   inv_mpu.o
    0x08004c34   0x08004c34   0x00000058   Code   RO          264    i.adcGetBatteryVoltage  adc.o
    0x08004c8c   0x08004c8c   0x00000270   Code   RO         4920    i.asin              m_ws.l(asin.o)
    0x08004efc   0x08004efc   0x00000220   Code   RO         5304    i.atan              m_ws.l(atan.o)
    0x0800511c   0x0800511c   0x00000180   Code   RO         4930    i.atan2             m_ws.l(atan2.o)
    0x0800529c   0x0800529c   0x0000003a   Code   RO         4387    i.dmp_enable_6x_lp_quat  inv_mpu_dmp_motion_driver.o
    0x080052d6   0x080052d6   0x00000002   PAD
    0x080052d8   0x080052d8   0x000001dc   Code   RO         4388    i.dmp_enable_feature  inv_mpu_dmp_motion_driver.o
    0x080054b4   0x080054b4   0x00000038   Code   RO         4389    i.dmp_enable_gyro_cal  inv_mpu_dmp_motion_driver.o
    0x080054ec   0x080054ec   0x0000003a   Code   RO         4390    i.dmp_enable_lp_quat  inv_mpu_dmp_motion_driver.o
    0x08005526   0x08005526   0x00000002   PAD
    0x08005528   0x08005528   0x00000014   Code   RO         4395    i.dmp_load_motion_driver_firmware  inv_mpu_dmp_motion_driver.o
    0x0800553c   0x0800553c   0x00000148   Code   RO         4396    i.dmp_read_fifo     inv_mpu_dmp_motion_driver.o
    0x08005684   0x08005684   0x000000d8   Code   RO         4399    i.dmp_set_accel_bias  inv_mpu_dmp_motion_driver.o
    0x0800575c   0x0800575c   0x00000064   Code   RO         4400    i.dmp_set_fifo_rate  inv_mpu_dmp_motion_driver.o
    0x080057c0   0x080057c0   0x000000cc   Code   RO         4401    i.dmp_set_gyro_bias  inv_mpu_dmp_motion_driver.o
    0x0800588c   0x0800588c   0x0000010c   Code   RO         4403    i.dmp_set_orientation  inv_mpu_dmp_motion_driver.o
    0x08005998   0x08005998   0x00000030   Code   RO         4406    i.dmp_set_shake_reject_thresh  inv_mpu_dmp_motion_driver.o
    0x080059c8   0x080059c8   0x00000020   Code   RO         4407    i.dmp_set_shake_reject_time  inv_mpu_dmp_motion_driver.o
    0x080059e8   0x080059e8   0x00000020   Code   RO         4408    i.dmp_set_shake_reject_timeout  inv_mpu_dmp_motion_driver.o
    0x08005a08   0x08005a08   0x00000040   Code   RO         4409    i.dmp_set_tap_axes  inv_mpu_dmp_motion_driver.o
    0x08005a48   0x08005a48   0x00000022   Code   RO         4410    i.dmp_set_tap_count  inv_mpu_dmp_motion_driver.o
    0x08005a6a   0x08005a6a   0x00000002   PAD
    0x08005a6c   0x08005a6c   0x00000128   Code   RO         4411    i.dmp_set_tap_thresh  inv_mpu_dmp_motion_driver.o
    0x08005b94   0x08005b94   0x00000020   Code   RO         4412    i.dmp_set_tap_time  inv_mpu_dmp_motion_driver.o
    0x08005bb4   0x08005bb4   0x00000020   Code   RO         4413    i.dmp_set_tap_time_multi  inv_mpu_dmp_motion_driver.o
    0x08005bd4   0x08005bd4   0x00000018   Code   RO          386    i.fputc             usart.o
    0x08005bec   0x08005bec   0x000000a8   Code   RO         4584    i.get_accel_prod_shift  inv_mpu.o
    0x08005c94   0x08005c94   0x00000314   Code   RO         4585    i.get_st_biases     inv_mpu.o
    0x08005fa8   0x08005fa8   0x000000d8   Code   RO         4586    i.gyro_self_test    inv_mpu.o
    0x08006080   0x08006080   0x00000022   Code   RO         4587    i.inv_orientation_matrix_to_scalar  inv_mpu.o
    0x080060a2   0x080060a2   0x00000048   Code   RO         4588    i.inv_row_2_scale   inv_mpu.o
    0x080060ea   0x080060ea   0x00000002   PAD
    0x080060ec   0x080060ec   0x0000051a   Code   RO           17    i.main              main.o
    0x08006606   0x08006606   0x00000002   Code   RO         4589    i.mget_ms           inv_mpu.o
    0x08006608   0x08006608   0x00000048   Code   RO         3420    i.motorPidSetSpeed  motor.o
    0x08006650   0x08006650   0x00000024   Code   RO         3421    i.motorPidSpeedCut  motor.o
    0x08006674   0x08006674   0x00000028   Code   RO         3422    i.motorPidSpeedUp   motor.o
    0x0800669c   0x0800669c   0x00000058   Code   RO         4590    i.mpu_configure_fifo  inv_mpu.o
    0x080066f4   0x080066f4   0x000001a8   Code   RO         4591    i.mpu_dmp_get_data  inv_mpu.o
    0x0800689c   0x0800689c   0x000000a4   Code   RO         4592    i.mpu_dmp_init      inv_mpu.o
    0x08006940   0x08006940   0x0000003c   Code   RO         4593    i.mpu_get_accel_fsr  inv_mpu.o
    0x0800697c   0x0800697c   0x00000044   Code   RO         4595    i.mpu_get_accel_sens  inv_mpu.o
    0x080069c0   0x080069c0   0x00000034   Code   RO         4601    i.mpu_get_gyro_fsr  inv_mpu.o
    0x080069f4   0x080069f4   0x00000040   Code   RO         4603    i.mpu_get_gyro_sens  inv_mpu.o
    0x08006a34   0x08006a34   0x00000038   Code   RO         4605    i.mpu_get_lpf       inv_mpu.o
    0x08006a6c   0x08006a6c   0x0000001c   Code   RO         4607    i.mpu_get_sample_rate  inv_mpu.o
    0x08006a88   0x08006a88   0x00000188   Code   RO         4609    i.mpu_init          inv_mpu.o
    0x08006c10   0x08006c10   0x000000a4   Code   RO         4610    i.mpu_load_firmware  inv_mpu.o
    0x08006cb4   0x08006cb4   0x000000b8   Code   RO         4611    i.mpu_lp_accel_mode  inv_mpu.o
    0x08006d6c   0x08006d6c   0x00000090   Code   RO         4614    i.mpu_read_fifo_stream  inv_mpu.o
    0x08006dfc   0x08006dfc   0x00000054   Code   RO         4615    i.mpu_read_mem      inv_mpu.o
    0x08006e50   0x08006e50   0x0000015c   Code   RO         4618    i.mpu_reset_fifo    inv_mpu.o
    0x08006fac   0x08006fac   0x000000f0   Code   RO         4619    i.mpu_run_self_test  inv_mpu.o
    0x0800709c   0x0800709c   0x00000068   Code   RO         4621    i.mpu_set_accel_fsr  inv_mpu.o
    0x08007104   0x08007104   0x000000dc   Code   RO         4622    i.mpu_set_bypass    inv_mpu.o
    0x080071e0   0x080071e0   0x00000078   Code   RO         4624    i.mpu_set_dmp_state  inv_mpu.o
    0x08007258   0x08007258   0x0000006c   Code   RO         4625    i.mpu_set_gyro_fsr  inv_mpu.o
    0x080072c4   0x080072c4   0x00000064   Code   RO         4626    i.mpu_set_int_latched  inv_mpu.o
    0x08007328   0x08007328   0x0000006c   Code   RO         4628    i.mpu_set_lpf       inv_mpu.o
    0x08007394   0x08007394   0x00000078   Code   RO         4629    i.mpu_set_sample_rate  inv_mpu.o
    0x0800740c   0x0800740c   0x000000b8   Code   RO         4630    i.mpu_set_sensors   inv_mpu.o
    0x080074c4   0x080074c4   0x00000054   Code   RO         4631    i.mpu_write_mem     inv_mpu.o
    0x08007518   0x08007518   0x00000024   Code   RO         4322    i.mpuiic_Delayus    mpuiic.o
    0x0800753c   0x0800753c   0x00000080   Code   RO         4632    i.run_self_test     inv_mpu.o
    0x080075bc   0x080075bc   0x00000054   Code   RO         4633    i.set_int_enable    inv_mpu.o
    0x08007610   0x08007610   0x0000004c   Code   RO         5333    i.sqrt              m_ws.l(sqrt.o)
    0x0800765c   0x0800765c   0x00000010   Data   RO         3221    .constdata          system_stm32f1xx.o
    0x0800766c   0x0800766c   0x00000008   Data   RO         3222    .constdata          system_stm32f1xx.o
    0x08007674   0x08007674   0x00000818   Data   RO         3279    .constdata          oled.o
    0x08007e8c   0x08007e8c   0x00000bf6   Data   RO         4415    .constdata          inv_mpu_dmp_motion_driver.o
    0x08008a82   0x08008a82   0x0000001b   Data   RO         4635    .constdata          inv_mpu.o
    0x08008a9d   0x08008a9d   0x00000001   PAD
    0x08008a9e   0x08008a9e   0x0000000c   Data   RO         4636    .constdata          inv_mpu.o
    0x08008aaa   0x08008aaa   0x00000002   PAD
    0x08008aac   0x08008aac   0x00000028   Data   RO         4637    .constdata          inv_mpu.o
    0x08008ad4   0x08008ad4   0x00000004   PAD
    0x08008ad8   0x08008ad8   0x00000050   Data   RO         4921    .constdata          m_ws.l(asin.o)
    0x08008b28   0x08008b28   0x00000098   Data   RO         5305    .constdata          m_ws.l(atan.o)
    0x08008bc0   0x08008bc0   0x00000008   Data   RO         5331    .constdata          m_ws.l(qnan.o)
    0x08008bc8   0x08008bc8   0x0000004d   Data   RO         4638    .conststring        inv_mpu.o
    0x08008c15   0x08008c15   0x00000003   PAD
    0x08008c18   0x08008c18   0x00000020   Data   RO         5398    Region$$Table       anon$$obj.o


    Execution Region RW_IRAM1 (Exec base: 0x20000000, Load base: 0x08008c38, Size: 0x00000b88, Max: 0x00005000, ABSOLUTE)

    Exec Addr    Load Addr    Size         Type   Attr      Idx    E Section Name        Object

    0x20000000   0x08008c38   0x00000030   Data   RW           20    .data               main.o
    0x20000030   0x08008c68   0x00000018   Data   RW          461    .data               stm32f1xx_it.o
    0x20000048   0x08008c80   0x0000000c   Data   RW          939    .data               stm32f1xx_hal.o
    0x20000054   0x08008c8c   0x00000004   Data   RW         3223    .data               system_stm32f1xx.o
    0x20000058   0x08008c90   0x00000004   Data   RW         3423    .data               motor.o
    0x2000005c   0x08008c94   0x00000035   Data   RW         4639    .data               inv_mpu.o
    0x20000091   0x08008cc9   0x00000003   PAD
    0x20000094   0x08008ccc   0x00000004   Data   RW         5354    .data               mc_w.l(stdout.o)
    0x20000098   0x08008cd0   0x00000004   Data   RW         5368    .data               mc_w.l(errno.o)
    0x2000009c        -       0x00000064   Zero   RW           19    .bss                main.o
    0x20000100        -       0x00000030   Zero   RW          265    .bss                adc.o
    0x20000130        -       0x000000d8   Zero   RW          317    .bss                tim.o
    0x20000208        -       0x000000cc   Zero   RW          387    .bss                usart.o
    0x200002d4        -       0x000000a0   Zero   RW         3514    .bss                pid.o
    0x20000374        -       0x00000010   Zero   RW         4414    .bss                inv_mpu_dmp_motion_driver.o
    0x20000384   0x08008cd4   0x00000004   PAD
    0x20000388        -       0x00000800   Zero   RW            1    STACK               startup_stm32f103xb.o


==============================================================================

Image component sizes


      Code (inc. data)   RO Data    RW Data    ZI Data      Debug   Object Name

       256         38          0          0         48       2096   adc.o
       456         42          0          0          0       1651   gpio.o
       192         34          0          0          0       1465   hc_sr04.o
      5324        286        156         53          0      28218   inv_mpu.o
      2354        116       3062          0         16      18682   inv_mpu_dmp_motion_driver.o
      1812        326          0         48        100     445674   main.o
       264         42          0          4          0       2298   motor.o
       538          0          0          0          0       5361   mpu6050.o
       738         46          0          0          0       5477   mpuiic.o
       876         42       2072          0          0       7253   oled.o
       476         50          0          0        160       3582   pid.o
        36          8        236          0       2048        788   startup_stm32f103xb.o
       164         28          0         12          0       5721   stm32f1xx_hal.o
      1254         52          0          0          0       5752   stm32f1xx_hal_adc.o
       198         14          0          0          0      28487   stm32f1xx_hal_cortex.o
       222          4          0          0          0       1639   stm32f1xx_hal_dma.o
       520         40          0          0          0       4167   stm32f1xx_hal_gpio.o
        60          8          0          0          0        850   stm32f1xx_hal_msp.o
      1276        100          0          0          0       4864   stm32f1xx_hal_rcc.o
       428         44          0          0          0       2325   stm32f1xx_hal_rcc_ex.o
      2094         58          0          0          0      16205   stm32f1xx_hal_tim.o
       192         12          0          0          0       2977   stm32f1xx_hal_tim_ex.o
      1428         10          0          0          0       9204   stm32f1xx_hal_uart.o
       854        130          0         24          0      10149   stm32f1xx_it.o
         2          0         24          4          0       1071   system_stm32f1xx.o
       748         62          0          0        216       4236   tim.o
       500         54          0          0        204       3508   usart.o

    ----------------------------------------------------------------------
     23310       1646       5592        148       2796     623700   Object Totals
         0          0         32          0          0          0   (incl. Generated)
        48          0         10          3          4          0   (incl. Padding)

    ----------------------------------------------------------------------

      Code (inc. data)   RO Data    RW Data    ZI Data      Debug   Library Member Name

       624         52         80          0          0        168   asin.o
       544         70        152          0          0        124   atan.o
       384         38          0          0          0        144   atan2.o
        38          6          0          0          0        272   dunder.o
        40          0          0          0          0         68   fpclassify.o
       170          0          0          0          0         96   poly.o
         0          0          8          0          0          0   qnan.o
        76          0          0          0          0         84   sqrt.o
         0          0          0          0          0          0   entry.o
         0          0          0          0          0          0   entry10a.o
         0          0          0          0          0          0   entry11a.o
         8          4          0          0          0          0   entry2.o
         4          0          0          0          0          0   entry5.o
         0          0          0          0          0          0   entry7b.o
         0          0          0          0          0          0   entry8b.o
         8          4          0          0          0          0   entry9a.o
        12          6          0          4          0         68   errno.o
        30          0          0          0          0          0   handlers.o
        36          8          0          0          0         68   init.o
         0          0          0          0          0          0   iusefp.o
        98          0          0          0          0         84   ldiv.o
        30          0          0          0          0         68   llshl.o
        36          0          0          0          0         68   llsshr.o
        32          0          0          0          0         68   llushr.o
        26          0          0          0          0         80   memcmp.o
        36          0          0          0          0        108   memseta.o
      2276         96          0          0          0        596   printfa.o
         0          0          0          4          0          0   stdout.o
        14          0          0          0          0         68   strlen.o
        44          0          0          0          0         80   uidiv.o
        98          0          0          0          0         92   uldiv.o
        48          0          0          0          0         68   cdrcmple.o
        20          0          0          0          0         68   cfcmple.o
        20          0          0          0          0         68   cfrcmple.o
        56          0          0          0          0         88   d2f.o
       334          0          0          0          0        148   dadd.o
       222          0          0          0          0        100   ddiv.o
       186          0          0          0          0        176   depilogue.o
        48          0          0          0          0         68   dfixul.o
        26          0          0          0          0         76   dfltui.o
       228          0          0          0          0         96   dmul.o
        46          0          0          0          0         80   dscalb.o
       162          0          0          0          0        100   dsqrt.o
        38          0          0          0          0         68   f2d.o
       176          0          0          0          0        140   fadd.o
       124          0          0          0          0         88   fdiv.o
       110          0          0          0          0        168   fepilogue.o
        50          0          0          0          0         68   ffixi.o
        40          0          0          0          0         68   ffixui.o
        18          0          0          0          0         68   fflti.o
        10          0          0          0          0         68   ffltui.o
       100          0          0          0          0         76   fmul.o
        24          0          0          0          0         68   fscalb.o

    ----------------------------------------------------------------------
      6754        284        240          8          0       4420   Library Totals
         4          0          0          0          0          0   (incl. Padding)

    ----------------------------------------------------------------------

      Code (inc. data)   RO Data    RW Data    ZI Data      Debug   Library Name

      1876        166        240          0          0        956   m_ws.l
      2788        118          0          8          0       1448   mc_w.l
      2086          0          0          0          0       2016   mf_w.l

    ----------------------------------------------------------------------
      6754        284        240          8          0       4420   Library Totals

    ----------------------------------------------------------------------

==============================================================================


      Code (inc. data)   RO Data    RW Data    ZI Data      Debug   

     30064       1930       5832        156       2796     615220   Grand Totals
     30064       1930       5832        156       2796     615220   ELF Image Totals
     30064       1930       5832        156          0          0   ROM Totals

==============================================================================

    Total RO  Size (Code + RO Data)                35896 (  35.05kB)
    Total RW  Size (RW Data + ZI Data)              2952 (   2.88kB)
    Total ROM Size (Code + RO Data + RW Data)      36052 (  35.21kB)

==============================================================================

