<html>
<body>
<pre>
<h1>µVision Build Log</h1>
<h2>Tool Versions:</h2>
IDE-Version: ¦ÌVision V5.14.0.0
Copyright (C) 2015 ARM Ltd and ARM Germany GmbH. All rights reserved.
License Information: 1 2594369154@qq.com, 1, LIC=D0D7S-L59PR-MMF9I-TWFYB-H3ETA-4YMDD
 
Tool Versions:
Toolchain:       MDK-ARM Standard  Version: 5.14.0.0
Toolchain Path:  D:\keil\keil road\ARM\ARMCC\Bin
C Compiler:      Armcc.exe V5.05 update 1 (build 106)
Assembler:       Armasm.exe V5.05 update 1 (build 106)
Linker/Locator:  ArmLink.exe V5.05 update 1 (build 106)
Library Manager: ArmAr.exe V5.05 update 1 (build 106)
Hex Converter:   FromElf.exe V5.05 update 1 (build 106)
CPU DLL:         SARMCM3.DLL V5.14.0.0
Dialog DLL:      DCM.DLL V1.13.1.0
Target DLL:      STLink\ST-LINKIII-KEIL_SWO.dll V2.0.14.0_KEIL
Dialog DLL:      TCM.DLL V1.14.4.0
 
<h2>Project:</h2>
C:\Users\25943\Desktop\GitHub\medicine_car\MDK-ARM\LED.uvprojx
Project File Date:  07/11/2023

<h2>Output:</h2>
Build target 'LED'
compiling main.c...
../Core/Src/main.c(163): warning:  #940-D: missing return statement at end of non-void function "trace_ccrossroad"
  }
../Core/Src/main.c: 1 warning, 0 errors
linking...
Program Size: Code=31256 RO-data=5832 RW-data=160 ZI-data=2792  
FromELF: creating hex file...
"LED\LED.axf" - 0 Error(s), 1 Warning(s).

<h2>Software Packages used:</h2>

Package Vendor: ARM
                http://www.keil.com/pack/ARM.CMSIS.4.2.0.pack
                ARM::CMSIS:CORE:3.40.0
                CMSIS (Cortex Microcontroller Software Interface Standard)
   * Component: CORE Version: 3.40.0

<h2>Collection of Component include folders:</h2>
  C:\Users\25943\Desktop\GitHub\medicine_car\MDK-ARM\RTE
  D:\keil\keil road\ARM\PACK\ARM\CMSIS\4.2.0\CMSIS\Include
  D:\keil\keil road\ARM\PACK\Keil\STM32F1xx_DFP\2.2.0

<h2>Collection of Component Files used:</h2>

   * Component: ARM::CMSIS:CORE:3.40.0
      Source file:   CMSIS\UserCodeTemplates\ARM\ITM_Retarget.c
</pre>
</body>
</html>
